Archive member included to satisfy reference by file (symbol)

E:/Data/setting/Test/_Cwc/Toolchain/VLianceTool/LibRT/LibRT-8.0.2\i686-w64-mingw32\lib/libmingw32.a(lib32_libmingw32_a-crt0_c.o)
                              E:/Data/setting/Test/_Cwc/Toolchain/VLianceTool/LibRT/LibRT-8.0.2\i686-w64-mingw32\lib\crt2.o (main)
E:/Data/setting/Test/_Cwc/Toolchain/VLianceTool/LibRT/LibRT-8.0.2\i686-w64-mingw32\lib/libmingw32.a(lib32_libmingw32_a-gccmain.o)
                              E:/Data/setting/Test/_Cwc/Toolchain/VLianceTool/LibRT/LibRT-8.0.2\i686-w64-mingw32\lib\crt2.o (__main)
E:/Data/setting/Test/_Cwc/Toolchain/VLianceTool/LibRT/LibRT-8.0.2\i686-w64-mingw32\lib/libmingw32.a(lib32_libmingw32_a-natstart.o)
                              E:/Data/setting/Test/_Cwc/Toolchain/VLianceTool/LibRT/LibRT-8.0.2\i686-w64-mingw32\lib\crt2.o (__native_startup_lock)
E:/Data/setting/Test/_Cwc/Toolchain/VLianceTool/LibRT/LibRT-8.0.2\i686-w64-mingw32\lib/libmingw32.a(lib32_libmingw32_a-wildcard.o)
                              E:/Data/setting/Test/_Cwc/Toolchain/VLianceTool/LibRT/LibRT-8.0.2\i686-w64-mingw32\lib\crt2.o (_dowildcard)
E:/Data/setting/Test/_Cwc/Toolchain/VLianceTool/LibRT/LibRT-8.0.2\i686-w64-mingw32\lib/libmingw32.a(lib32_libmingw32_a-charmax.o)
                              E:/Data/setting/Test/_Cwc/Toolchain/VLianceTool/LibRT/LibRT-8.0.2\i686-w64-mingw32\lib\crt2.o (mingw_initcharmax)
E:/Data/setting/Test/_Cwc/Toolchain/VLianceTool/LibRT/LibRT-8.0.2\i686-w64-mingw32\lib/libmingw32.a(lib32_libmingw32_a-dllargv.o)
                              E:/Data/setting/Test/_Cwc/Toolchain/VLianceTool/LibRT/LibRT-8.0.2\i686-w64-mingw32\lib\crt2.o (_setargv)
E:/Data/setting/Test/_Cwc/Toolchain/VLianceTool/LibRT/LibRT-8.0.2\i686-w64-mingw32\lib/libmingw32.a(lib32_libmingw32_a-gs_support.o)
                              E:/Data/setting/Test/_Cwc/Toolchain/VLianceTool/LibRT/LibRT-8.0.2\i686-w64-mingw32\lib\crt2.o (__security_init_cookie)
E:/Data/setting/Test/_Cwc/Toolchain/VLianceTool/LibRT/LibRT-8.0.2\i686-w64-mingw32\lib/libmingw32.a(lib32_libmingw32_a-_newmode.o)
                              E:/Data/setting/Test/_Cwc/Toolchain/VLianceTool/LibRT/LibRT-8.0.2\i686-w64-mingw32\lib\crt2.o (_newmode)
E:/Data/setting/Test/_Cwc/Toolchain/VLianceTool/LibRT/LibRT-8.0.2\i686-w64-mingw32\lib/libmingw32.a(lib32_libmingw32_a-tlssup.o)
                              E:/Data/setting/Test/_Cwc/Toolchain/VLianceTool/LibRT/LibRT-8.0.2\i686-w64-mingw32\lib\crt2.o (mingw_initltssuo_force)
E:/Data/setting/Test/_Cwc/Toolchain/VLianceTool/LibRT/LibRT-8.0.2\i686-w64-mingw32\lib/libmingw32.a(lib32_libmingw32_a-cinitexe.o)
                              E:/Data/setting/Test/_Cwc/Toolchain/VLianceTool/LibRT/LibRT-8.0.2\i686-w64-mingw32\lib\crt2.o (__xc_z)
E:/Data/setting/Test/_Cwc/Toolchain/VLianceTool/LibRT/LibRT-8.0.2\i686-w64-mingw32\lib/libmingw32.a(lib32_libmingw32_a-merr.o)
                              E:/Data/setting/Test/_Cwc/Toolchain/VLianceTool/LibRT/LibRT-8.0.2\i686-w64-mingw32\lib\crt2.o (__mingw_setusermatherr)
E:/Data/setting/Test/_Cwc/Toolchain/VLianceTool/LibRT/LibRT-8.0.2\i686-w64-mingw32\lib/libmingw32.a(lib32_libmingw32_a-CRT_fp10.o)
                              E:/Data/setting/Test/_Cwc/Toolchain/VLianceTool/LibRT/LibRT-8.0.2\i686-w64-mingw32\lib\crt2.o (_fpreset)
E:/Data/setting/Test/_Cwc/Toolchain/VLianceTool/LibRT/LibRT-8.0.2\i686-w64-mingw32\lib/libmingw32.a(lib32_libmingw32_a-mingw_helpers.o)
                              E:/Data/setting/Test/_Cwc/Toolchain/VLianceTool/LibRT/LibRT-8.0.2\i686-w64-mingw32\lib\crt2.o (mingw_app_type)
E:/Data/setting/Test/_Cwc/Toolchain/VLianceTool/LibRT/LibRT-8.0.2\i686-w64-mingw32\lib/libmingw32.a(lib32_libmingw32_a-pseudo-reloc.o)
                              E:/Data/setting/Test/_Cwc/Toolchain/VLianceTool/LibRT/LibRT-8.0.2\i686-w64-mingw32\lib\crt2.o (_pei386_runtime_relocator)
E:/Data/setting/Test/_Cwc/Toolchain/VLianceTool/LibRT/LibRT-8.0.2\i686-w64-mingw32\lib/libmingw32.a(lib32_libmingw32_a-xtxtmode.o)
                              E:/Data/setting/Test/_Cwc/Toolchain/VLianceTool/LibRT/LibRT-8.0.2\i686-w64-mingw32\lib\crt2.o (_fmode)
E:/Data/setting/Test/_Cwc/Toolchain/VLianceTool/LibRT/LibRT-8.0.2\i686-w64-mingw32\lib/libmingw32.a(lib32_libmingw32_a-crt_handler.o)
                              E:/Data/setting/Test/_Cwc/Toolchain/VLianceTool/LibRT/LibRT-8.0.2\i686-w64-mingw32\lib\crt2.o (_gnu_exception_handler@4)
E:/Data/setting/Test/_Cwc/Toolchain/VLianceTool/LibRT/LibRT-8.0.2\i686-w64-mingw32\lib/libmingw32.a(lib32_libmingw32_a-tlsthrd.o)
                              E:/Data/setting/Test/_Cwc/Toolchain/VLianceTool/LibRT/LibRT-8.0.2\i686-w64-mingw32\lib/libmingw32.a(lib32_libmingw32_a-tlssup.o) (__mingw_TLScallback)
E:/Data/setting/Test/_Cwc/Toolchain/VLianceTool/LibRT/LibRT-8.0.2\i686-w64-mingw32\lib/libmingw32.a(lib32_libmingw32_a-tlsmcrt.o)
[...]
Memory Configuration

Name             Origin             Length             Attributes
*default*        0x0000000000000000 0xffffffffffffffff

Linker script and memory map

                0x0000000000400000                __image_base__ = 0x400000
                0x0000000000000000                __dll__ = 0x0
                0x0000000000400000                ___ImageBase = 0x400000
                0x0000000000001000                __section_alignment__ = 0x1000
                0x0000000000000200                __file_alignment__ = 0x200
                0x0000000000000004                __major_os_version__ = 0x4
                0x0000000000000000                __minor_os_version__ = 0x0
                0x0000000000000001                __major_image_version__ = 0x1
                0x0000000000000000                __minor_image_version__ = 0x0
                0x0000000000000004                __major_subsystem_version__ = 0x4
                0x0000000000000000                __minor_subsystem_version__ = 0x0
                0x0000000000000003                __subsystem__ = 0x3
                0x0000000000200000                __size_of_stack_reserve__ = 0x200000
                0x0000000000001000                __size_of_stack_commit__ = 0x1000
                0x0000000000100000                __size_of_heap_reserve__ = 0x100000
                0x0000000000001000                __size_of_heap_commit__ = 0x1000
                0x0000000000000000                __loader_flags__ = 0x0
                0x0000000000000000                __dll_characteristics__ = 0x0
LOAD E:/Data/setting/Test/_Cwc/Toolchain/VLianceTool/LibRT/LibRT-8.0.2\i686-w64-mingw32\lib\crt2.o
LOAD E:/Data/setting/Test/_Cwc/Toolchain/VLianceTool/LibRT/LibRT-8.0.2\lib\gcc\i686-w64-mingw32\8.1.0\crtbegin.o
LOAD obj/cpp_CpcDos_O3/000_start_.o
LOAD obj/cpp_CpcDos_O3/ee.o
LOAD obj/cpp_CpcDos_O3/hd.o
LOAD E:/Data/setting/Test/_Cwc/Toolchain/VLianceTool/LibRT/LibRT-8.0.2\i686-w64-mingw32\lib/libgdi32.a
LOAD E:/Data/setting/Test/_Cwc/Toolchain/VLianceTool/LibRT/LibRT-8.0.2\i686-w64-mingw32\lib/libuser32.a
LOAD E:/Data/setting/Test/_Cwc/Toolchain/VLianceTool/LibRT/LibRT-8.0.2\lib\gcc\i686-w64-mingw32\8.1.0\libstdc++.a
LOAD E:/Data/setting/Test/_Cwc/Toolchain/VLianceTool/LibRT/LibRT-8.0.2\i686-w64-mingw32\lib/libmingw32.a
LOAD E:/Data/setting/Test/_Cwc/Toolchain/VLianceTool/LibRT/LibRT-8.0.2\lib\gcc\i686-w64-mingw32\8.1.0/libgcc.a
LOAD E:/Data/setting/Test/_Cwc/Toolchain/VLianceTool/LibRT/LibRT-8.0.2\lib\gcc\i686-w64-mingw32\8.1.0/libgcc_eh.a
LOAD E:/Data/setting/Test/_Cwc/Toolchain/VLianceTool/LibRT/LibRT-8.0.2\i686-w64-mingw32\lib/libmoldname.a
LOAD E:/Data/setting/Test/_Cwc/Toolchain/VLianceTool/LibRT/LibRT-8.0.2\i686-w64-mingw32\lib/libmingwex.a
LOAD E:/Data/setting/Test/_Cwc/Toolchain/VLianceTool/LibRT/LibRT-8.0.2\i686-w64-mingw32\lib/libmsvcrt.a
LOAD E:/Data/setting/Test/_Cwc/Toolchain/VLianceTool/LibRT/LibRT-8.0.2\i686-w64-mingw32\lib/libadvapi32.a
LOAD E:/Data/setting/Test/_Cwc/Toolchain/VLianceTool/LibRT/LibRT-8.0.2\i686-w64-mingw32\lib/libshell32.a
LOAD E:/Data/setting/Test/_Cwc/Toolchain/VLianceTool/LibRT/LibRT-8.0.2\i686-w64-mingw32\lib/libuser32.a
LOAD E:/Data/setting/Test/_Cwc/Toolchain/VLianceTool/LibRT/LibRT-8.0.2\i686-w64-mingw32\lib/libkernel32.a
LOAD E:/Data/setting/Test/_Cwc/Toolchain/VLianceTool/LibRT/LibRT-8.0.2\i686-w64-mingw32\lib/libmingw32.a
LOAD E:/Data/setting/Test/_Cwc/Toolchain/VLianceTool/LibRT/LibRT-8.0.2\lib\gcc\i686-w64-mingw32\8.1.0/libgcc.a
LOAD E:/Data/setting/Test/_Cwc/Toolchain/VLianceTool/LibRT/LibRT-8.0.2\lib\gcc\i686-w64-mingw32\8.1.0/libgcc_eh.a
LOAD E:/Data/setting/Test/_Cwc/Toolchain/VLianceTool/LibRT/LibRT-8.0.2\i686-w64-mingw32\lib/libmoldname.a
LOAD E:/Data/setting/Test/_Cwc/Toolchain/VLianceTool/LibRT/LibRT-8.0.2\i686-w64-mingw32\lib/libmingwex.a
LOAD E:/Data/setting/Test/_Cwc/Toolchain/VLianceTool/LibRT/LibRT-8.0.2\i686-w64-mingw32\lib/libmsvcrt.a
LOAD E:/Data/setting/Test/_Cwc/Toolchain/VLianceTool/LibRT/LibRT-8.0.2\lib\gcc\i686-w64-mingw32\8.1.0\crtend.o
                0x00000000000003d0                . = SIZEOF_HEADERS
                0x0000000000001000                . = ALIGN (__section_alignment__)

.text           0x0000000000401000     0x1800
 *(.init)
 *(.text)
 .text          0x0000000000401000      0x4e0 E:/Data/setting/Test/_Cwc/Toolchain/VLianceTool/LibRT/LibRT-8.0.2\i686-w64-mingw32\lib\crt2.o
                0x0000000000401480                WinMainCRTStartup
                0x00000000004014a0                mainCRTStartup
                0x00000000004014c0                atexit
 .text          0x00000000004014e0       0x30 E:/Data/setting/Test/_Cwc/Toolchain/VLianceTool/LibRT/LibRT-8.0.2\lib\gcc\i686-w64-mingw32\8.1.0\crtbegin.o
                0x00000000004014e0                __gcc_register_frame
                0x0000000000401500                __gcc_deregister_frame
 .text          0x0000000000401510       0x12 obj/cpp_CpcDos_O3/000_start_.o
                0x0000000000401510                _start_
 *fill*         0x0000000000401522        0xe 
 .text          0x0000000000401530       0x54 obj/cpp_CpcDos_O3/ee.o
                0x0000000000401530                entry2
                0x0000000000401550                cpc_main2
 *fill*         0x0000000000401584        0xc 
 .text          0x0000000000401590       0x54 obj/cpp_CpcDos_O3/hd.o
                0x0000000000401590                test
                0x00000000004015a0                Main
                0x00000000004015b0                cpc_main
 .text          0x00000000004015e4        0x0 E:/Data/setting/Test/_Cwc/Toolchain/VLianceTool/LibRT/LibRT-8.0.2\i686-w64-mingw32\lib/libmingw32.a(lib32_libmingw32_a-crt0_c.o)
 *fill*         0x00000000004015e4        0xc 
 .text          0x00000000004015f0       0xb0 E:/Data/setting/Test/_Cwc/Toolchain/VLianceTool/LibRT/LibRT-8.0.2\i686-w64-mingw32\lib/libmingw32.a(lib32_libmingw32_a-gccmain.o)
                0x00000000004015f0                __do_global_dtors
                0x0000000000401630                __do_global_ctors
                0x0000000000401680                __main
 .text          0x00000000004016a0        0x0 E:/Data/setting/Test/_Cwc/Toolchain/VLianceTool/LibRT/LibRT-8.0.2\i686-w64-mingw32\lib/libmingw32.a(lib32_libmingw32_a-natstart.o)
 .text          0x00000000004016a0        0x0 E:/Data/setting/Test/_Cwc/Toolchain/VLianceTool/LibRT/LibRT-8.0.2\i686-w64-mingw32\lib/libmingw32.a(lib32_libmingw32_a-wildcard.o)
 .text          0x00000000004016a0       0x10 E:/Data/setting/Test/_Cwc/Toolchain/VLianceTool/LibRT/LibRT-8.0.2\i686-w64-mingw32\lib/libmingw32.a(lib32_libmingw32_a-charmax.o)
 .text          0x00000000004016b0       0x10 E:/Data/setting/Test/_Cwc/Toolchain/VLianceTool/LibRT/LibRT-8.0.2\i686-w64-mingw32\lib/libmingw32.a(lib32_libmingw32_a-dllargv.o)
                0x00000000004016b0                _setargv
 .text          0x00000000004016c0      0x140 E:/Data/setting/Test/_Cwc/Toolchain/VLianceTool/LibRT/LibRT-8.0.2\i686-w64-mingw32\lib/libmingw32.a(lib32_libmingw32_a-gs_support.o)
                0x00000000004016c0                __security_init_cookie
                0x0000000000401770                __report_gsfailure
 .text          0x0000000000401800        0x0 E:/Data/setting/Test/_Cwc/Toolchain/VLianceTool/LibRT/LibRT-8.0.2\i686-w64-mingw32\lib/libmingw32.a(lib32_libmingw32_a-_newmode.o)
 .text          0x0000000000401800       0xf0 E:/Data/setting/Test/_Cwc/Toolchain/VLianceTool/LibRT/LibRT-8.0.2\i686-w64-mingw32\lib/libmingw32.a(lib32_libmingw32_a-tlssup.o)
                0x0000000000401850                __dyn_tls_init@12
                0x00000000004018e0                __tlregdtor
 .text          0x00000000004018f0        0x0 E:/Data/setting/Test/_Cwc/Toolchain/VLianceTool/LibRT/LibRT-8.0.2\i686-w64-mingw32\lib/libmingw32.a(lib32_libmingw32_a-cinitexe.o)
 .text          0x00000000004018f0       0xe0 E:/Data/setting/Test/_Cwc/Toolchain/VLianceTool/LibRT/LibRT-8.0.2\i686-w64-mingw32\lib/libmingw32.a(lib32_libmingw32_a-merr.o)
                0x00000000004018f0                __mingw_raise_matherr
                0x0000000000401940                __mingw_setusermatherr
                0x0000000000401950                _matherr
 .text          0x00000000004019d0       0x10 E:/Data/setting/Test/_Cwc/Toolchain/VLianceTool/LibRT/LibRT-8.0.2\i686-w64-mingw32\lib/libmingw32.a(lib32_libmingw32_a-CRT_fp10.o)
                0x00000000004019d0                fpreset
                0x00000000004019d0                _fpreset
 .text          0x00000000004019e0       0x20 E:/Data/setting/Test/_Cwc/Toolchain/VLianceTool/LibRT/LibRT-8.0.2\i686-w64-mingw32\lib/libmingw32.a(lib32_libmingw32_a-mingw_helpers.o)
                0x00000000004019e0                _decode_pointer
                0x00000000004019f0                _encode_pointer
 .text          0x0000000000401a00      0x3d0 E:/Data/setting/Test/_Cwc/Toolchain/VLianceTool/LibRT/LibRT-8.0.2\i686-w64-mingw32\lib/libmingw32.a(lib32_libmingw32_a-pseudo-reloc.o)
                0x0000000000401b50                _pei386_runtime_relocator
 .text          0x0000000000401dd0        0x0 E:/Data/setting/Test/_Cwc/Toolchain/VLianceTool/LibRT/LibRT-8.0.2\i686-w64-mingw32\lib/libmingw32.a(lib32_libmingw32_a-xtxtmode.o)
 .text          0x0000000000401dd0      0x1a0 E:/Data/setting/Test/_Cwc/Toolchain/VLianceTool/LibRT/LibRT-8.0.2\i686-w64-mingw32\lib/libmingw32.a(lib32_libmingw32_a-crt_handler.o)
                0x0000000000401dd0                _gnu_exception_handler@4
 .text          0x0000000000401f70      0x270 E:/Data/setting/Test/_Cwc/Toolchain/VLianceTool/LibRT/LibRT-8.0.2\i686-w64-mingw32\lib/libmingw32.a(lib32_libmingw32_a-tlsthrd.o)
                0x0000000000401fe0                ___w64_mingwthr_add_key_dtor
                0x0000000000402070                ___w64_mingwthr_remove_key_dtor
                0x0000000000402100                __mingw_TLScallback
 .text          0x00000000004021e0        0x0 E:/Data/setting/Test/_Cwc/Toolchain/VLianceTool/LibRT/LibRT-8.0.2\i686-w64-mingw32\lib/libmingw32.a(lib32_libmingw32_a-tlsmcrt.o)
 .text          0x00000000004021e0        0x0 E:/Data/setting/Test/_Cwc/Toolchain/VLianceTool/LibRT/LibRT-8.0.2\i686-w64-mingw32\lib/libmingw32.a(lib32_libmingw32_a-pseudo-reloc-list.o)
 .text          0x00000000004021e0      0x370 E:/Data/setting/Test/_Cwc/Toolchain/VLianceTool/LibRT/LibRT-8.0.2\i686-w64-mingw32\lib/libmingw32.a(lib32_libmingw32_a-pesect.o)
                0x0000000000402200                _ValidateImageBase
                0x0000000000402220                _FindPESection
                0x0000000000402260                _FindPESectionByName
                0x00000000004022f0                __mingw_GetSectionForAddress
                0x0000000000402360                __mingw_GetSectionCount
                0x0000000000402390                _FindPESectionExec
                0x00000000004023f0                _GetPEImageBase
                0x0000000000402420                _IsNonwritableInCurrentImage
                0x00000000004024a0                __mingw_enum_import_library_names
 .text          0x0000000000402550       0x2c E:/Data/setting/Test/_Cwc/Toolchain/VLianceTool/LibRT/LibRT-8.0.2\lib\gcc\i686-w64-mingw32\8.1.0/libgcc.a(_chkstk_ms.o)
                0x0000000000402550                __chkstk_ms
 .text          0x000000000040257c        0x0 E:/Data/setting/Test/_Cwc/Toolchain/VLianceTool/LibRT/LibRT-8.0.2\lib\gcc\i686-w64-mingw32\8.1.0/libgcc.a(_ctors.o)
 .text          0x000000000040257c        0x0 E:/Data/setting/Test/_Cwc/Toolchain/VLianceTool/LibRT/LibRT-8.0.2\i686-w64-mingw32\lib/libmingwex.a(lib32_libmingwex_a-mingw_matherr.o)
 .text          0x000000000040257c        0x8 E:/Data/setting/Test/_Cwc/Toolchain/VLianceTool/LibRT/LibRT-8.0.2\i686-w64-mingw32\lib/libmsvcrt.a(dktds01253.o)
                0x000000000040257c                vfprintf
 .text          0x0000000000402584        0x8 E:/Data/setting/Test/_Cwc/Toolchain/VLianceTool/LibRT/LibRT-8.0.2\i686-w64-mingw32\lib/libmsvcrt.a(dktds01220.o)
                0x0000000000402584                strncmp
 .text          0x000000000040258c        0x8 E:/Data/setting/Test/_Cwc/Toolchain/VLianceTool/LibRT/LibRT-8.0.2\i686-w64-mingw32\lib/libmsvcrt.a(dktds01217.o)
                0x000000000040258c                strlen
 .text          0x0000000000402594        0x8 E:/Data/setting/Test/_Cwc/Toolchain/VLianceTool/LibRT/LibRT-8.0.2\i686-w64-mingw32\lib/libmsvcrt.a(dktds01199.o)
                0x0000000000402594                signal
 .text          0x000000000040259c        0x8 E:/Data/setting/Test/_Cwc/Toolchain/VLianceTool/LibRT/LibRT-8.0.2\i686-w64-mingw32\lib/libmsvcrt.a(dktds01183.o)
                0x000000000040259c                puts
 .text          0x00000000004025a4        0x8 E:/Data/setting/Test/_Cwc/Toolchain/VLianceTool/LibRT/LibRT-8.0.2\i686-w64-mingw32\lib/libmsvcrt.a(dktds01179.o)
                0x00000000004025a4                printf
 .text          0x00000000004025ac        0x8 E:/Data/setting/Test/_Cwc/Toolchain/VLianceTool/LibRT/LibRT-8.0.2\i686-w64-mingw32\lib/libmsvcrt.a(dktds01172.o)
                0x00000000004025ac                memcpy
 .text          0x00000000004025b4        0x8 E:/Data/setting/Test/_Cwc/Toolchain/VLianceTool/LibRT/LibRT-8.0.2\i686-w64-mingw32\lib/libmsvcrt.a(dktds01163.o)
                0x00000000004025b4                malloc
 .text          0x00000000004025bc        0x8 E:/Data/setting/Test/_Cwc/Toolchain/VLianceTool/LibRT/LibRT-8.0.2\i686-w64-mingw32\lib/libmsvcrt.a(dktds01118.o)
                0x00000000004025bc                fwrite
 .text          0x00000000004025c4        0x8 E:/Data/setting/Test/_Cwc/Toolchain/VLianceTool/LibRT/LibRT-8.0.2\i686-w64-mingw32\lib/libmsvcrt.a(dktds01104.o)
                0x00000000004025c4                free
 .text          0x00000000004025cc        0x8 E:/Data/setting/Test/_Cwc/Toolchain/VLianceTool/LibRT/LibRT-8.0.2\i686-w64-mingw32\lib/libmsvcrt.a(dktds01097.o)
                0x00000000004025cc                fprintf
 .text          0x00000000004025d4        0x8 E:/Data/setting/Test/_Cwc/Toolchain/VLianceTool/LibRT/LibRT-8.0.2\i686-w64-mingw32\lib/libmsvcrt.a(dktds01081.o)
                0x00000000004025d4                exit
 .text          0x00000000004025dc        0x8 E:/Data/setting/Test/_Cwc/Toolchain/VLianceTool/LibRT/LibRT-8.0.2\i686-w64-mingw32\lib/libmsvcrt.a(dktds01076.o)
                0x00000000004025dc                calloc
 .text          0x00000000004025e4        0x8 E:/Data/setting/Test/_Cwc/Toolchain/VLianceTool/LibRT/LibRT-8.0.2\i686-w64-mingw32\lib/libmsvcrt.a(dktds01057.o)
                0x00000000004025e4                abort
 .text          0x00000000004025ec        0x8 E:/Data/setting/Test/_Cwc/Toolchain/VLianceTool/LibRT/LibRT-8.0.2\i686-w64-mingw32\lib/libmsvcrt.a(dktds00629.o)
                0x00000000004025ec                _onexit
 .text          0x00000000004025f4        0x8 E:/Data/setting/Test/_Cwc/Toolchain/VLianceTool/LibRT/LibRT-8.0.2\i686-w64-mingw32\lib/libmsvcrt.a(dktds00351.o)
                0x00000000004025f4                _initterm
 .text          0x00000000004025fc        0x8 E:/Data/setting/Test/_Cwc/Toolchain/VLianceTool/LibRT/LibRT-8.0.2\i686-w64-mingw32\lib/libmsvcrt.a(dktds00161.o)
                0x00000000004025fc                _cexit
 .text          0x0000000000402604        0x8 E:/Data/setting/Test/_Cwc/Toolchain/VLianceTool/LibRT/LibRT-8.0.2\i686-w64-mingw32\lib/libmsvcrt.a(dktds00144.o)
                0x0000000000402604                _amsg_exit
 .text          0x000000000040260c        0x8 E:/Data/setting/Test/_Cwc/Toolchain/VLianceTool/LibRT/LibRT-8.0.2\i686-w64-mingw32\lib/libmsvcrt.a(dktds00107.o)
                0x000000000040260c                __setusermatherr
 .text          0x0000000000402614        0x8 E:/Data/setting/Test/_Cwc/Toolchain/VLianceTool/LibRT/LibRT-8.0.2\i686-w64-mingw32\lib/libmsvcrt.a(dktds00104.o)
                0x0000000000402614                __set_app_type
 .text          0x000000000040261c        0x8 E:/Data/setting/Test/_Cwc/Toolchain/VLianceTool/LibRT/LibRT-8.0.2\i686-w64-mingw32\lib/libmsvcrt.a(dktds00083.o)
                0x000000000040261c                __p__fmode
 .text          0x0000000000402624        0x8 E:/Data/setting/Test/_Cwc/Toolchain/VLianceTool/LibRT/LibRT-8.0.2\i686-w64-mingw32\lib/libmsvcrt.a(dktds00076.o)
                0x0000000000402624                __p__acmdln
 .text          0x000000000040262c        0x0 E:/Data/setting/Test/_Cwc/Toolchain/VLianceTool/LibRT/LibRT-8.0.2\i686-w64-mingw32\lib/libmsvcrt.a(dktds00059.o)
 .text          0x000000000040262c        0x8 E:/Data/setting/Test/_Cwc/Toolchain/VLianceTool/LibRT/LibRT-8.0.2\i686-w64-mingw32\lib/libmsvcrt.a(dktds00058.o)
                0x000000000040262c                __getmainargs
 *fill*         0x0000000000402634        0xc 
 .text          0x0000000000402640       0x10 E:/Data/setting/Test/_Cwc/Toolchain/VLianceTool/LibRT/LibRT-8.0.2\i686-w64-mingw32\lib/libmsvcrt.a(lib32_libmsvcrt_os_a-acrt_iob_func.o)
                0x0000000000402640                __acrt_iob_func
 .text          0x0000000000402650       0x20 E:/Data/setting/Test/_Cwc/Toolchain/VLianceTool/LibRT/LibRT-8.0.2\i686-w64-mingw32\lib/libmsvcrt.a(lib32_libmsvcrt_os_a-invalid_parameter_handler.o)
                0x0000000000402650                _get_invalid_parameter_handler
                0x0000000000402660                _set_invalid_parameter_handler
 .text          0x0000000000402670        0x0 E:/Data/setting/Test/_Cwc/Toolchain/VLianceTool/LibRT/LibRT-8.0.2\i686-w64-mingw32\lib/libmsvcrt.a(dktdh.o)
 .text          0x0000000000402670        0x0 E:/Data/setting/Test/_Cwc/Toolchain/VLianceTool/LibRT/LibRT-8.0.2\i686-w64-mingw32\lib/libmsvcrt.a(dktds00355.o)
 .text          0x0000000000402670        0x0 E:/Data/setting/Test/_Cwc/Toolchain/VLianceTool/LibRT/LibRT-8.0.2\i686-w64-mingw32\lib/libmsvcrt.a(dktdt.o)
 .text          0x0000000000402670        0x0 E:/Data/setting/Test/_Cwc/Toolchain/VLianceTool/LibRT/LibRT-8.0.2\i686-w64-mingw32\lib/libkernel32.a(dgvfh.o)
 .text          0x0000000000402670        0x0 E:/Data/setting/Test/_Cwc/Toolchain/VLianceTool/LibRT/LibRT-8.0.2\i686-w64-mingw32\lib/libkernel32.a(dgvft.o)
 .text          0x0000000000402670        0x0 E:/Data/setting/Test/_Cwc/Toolchain/VLianceTool/LibRT/LibRT-8.0.2\lib\gcc\i686-w64-mingw32\8.1.0\crtend.o
 *(SORT_BY_NAME(.text$*))
 *(.text.*)
 .text.startup  0x0000000000402670       0x50 E:/Data/setting/Test/_Cwc/Toolchain/VLianceTool/LibRT/LibRT-8.0.2\i686-w64-mingw32\lib/libmingw32.a(lib32_libmingw32_a-crt0_c.o)
                0x0000000000402670                main
 .text.unlikely
                0x00000000004026c0       0x5c E:/Data/setting/Test/_Cwc/Toolchain/VLianceTool/LibRT/LibRT-8.0.2\i686-w64-mingw32\lib/libmingw32.a(lib32_libmingw32_a-pseudo-reloc.o)
 *fill*         0x000000000040271c        0x4 
 .text.startup  0x0000000000402720       0x10 E:/Data/setting/Test/_Cwc/Toolchain/VLianceTool/LibRT/LibRT-8.0.2\lib\gcc\i686-w64-mingw32\8.1.0\crtend.o
 *(.gnu.linkonce.t.*)
 *(.glue_7t)
 *(.glue_7)
                0x0000000000402730                ___CTOR_LIST__ = .
                0x0000000000402730                __CTOR_LIST__ = .
                0x0000000000402730        0x4 LONG 0xffffffffffffffff
 *(.ctors)
 *(.ctor)
 *(SORT_BY_NAME(.ctors.*))
 .ctors.65535   0x0000000000402734        0x4 E:/Data/setting/Test/_Cwc/Toolchain/VLianceTool/LibRT/LibRT-8.0.2\lib\gcc\i686-w64-mingw32\8.1.0\crtend.o
                0x0000000000402738        0x4 LONG 0x0
                0x000000000040273c                ___DTOR_LIST__ = .
                0x000000000040273c                __DTOR_LIST__ = .
                0x000000000040273c        0x4 LONG 0xffffffffffffffff
 *(.dtors)
 *(.dtor)
 *(SORT_BY_NAME(.dtors.*))
                0x0000000000402740        0x4 LONG 0x0
 *(.fini)
 *(.gcc_exc)
                [!provide]                        PROVIDE (etext = .)
                [!provide]                        PROVIDE (_etext = .)
 *(.gcc_except_table)

.data           0x0000000000403000      0x200
                0x0000000000403000                __data_start__ = .
 *(.data)
 .data          0x0000000000403000        0x4 E:/Data/setting/Test/_Cwc/Toolchain/VLianceTool/LibRT/LibRT-8.0.2\i686-w64-mingw32\lib\crt2.o
                0x0000000000403000                __mingw_winmain_nShowCmd
 .data          0x0000000000403004        0x0 E:/Data/setting/Test/_Cwc/Toolchain/VLianceTool/LibRT/LibRT-8.0.2\lib\gcc\i686-w64-mingw32\8.1.0\crtbegin.o
 .data          0x0000000000403004        0x0 obj/cpp_CpcDos_O3/000_start_.o
 .data          0x0000000000403004        0x4 obj/cpp_CpcDos_O3/ee.o
                0x0000000000403004                _nTest2
 .data          0x0000000000403008        0x4 obj/cpp_CpcDos_O3/hd.o
                0x0000000000403008                _nTest
 .data          0x000000000040300c        0x0 E:/Data/setting/Test/_Cwc/Toolchain/VLianceTool/LibRT/LibRT-8.0.2\i686-w64-mingw32\lib/libmingw32.a(lib32_libmingw32_a-crt0_c.o)
 .data          0x000000000040300c        0x4 E:/Data/setting/Test/_Cwc/Toolchain/VLianceTool/LibRT/LibRT-8.0.2\i686-w64-mingw32\lib/libmingw32.a(lib32_libmingw32_a-gccmain.o)
 .data          0x0000000000403010        0x8 E:/Data/setting/Test/_Cwc/Toolchain/VLianceTool/LibRT/LibRT-8.0.2\i686-w64-mingw32\lib/libmingw32.a(lib32_libmingw32_a-natstart.o)
                0x0000000000403010                __native_vcclrit_reason
                0x0000000000403014                __native_dllmain_reason
 .data          0x0000000000403018        0x4 E:/Data/setting/Test/_Cwc/Toolchain/VLianceTool/LibRT/LibRT-8.0.2\i686-w64-mingw32\lib/libmingw32.a(lib32_libmingw32_a-wildcard.o)
                0x0000000000403018                _dowildcard
 .data          0x000000000040301c        0x4 E:/Data/setting/Test/_Cwc/Toolchain/VLianceTool/LibRT/LibRT-8.0.2\i686-w64-mingw32\lib/libmingw32.a(lib32_libmingw32_a-charmax.o)
                0x000000000040301c                _charmax
 .data          0x0000000000403020        0x0 E:/Data/setting/Test/_Cwc/Toolchain/VLianceTool/LibRT/LibRT-8.0.2\i686-w64-mingw32\lib/libmingw32.a(lib32_libmingw32_a-dllargv.o)
 .data          0x0000000000403020        0x0 E:/Data/setting/Test/_Cwc/Toolchain/VLianceTool/LibRT/LibRT-8.0.2\i686-w64-mingw32\lib/libmingw32.a(lib32_libmingw32_a-gs_support.o)
 .data          0x0000000000403020        0x0 E:/Data/setting/Test/_Cwc/Toolchain/VLianceTool/LibRT/LibRT-8.0.2\i686-w64-mingw32\lib/libmingw32.a(lib32_libmingw32_a-_newmode.o)
 .data          0x0000000000403020        0x0 E:/Data/setting/Test/_Cwc/Toolchain/VLianceTool/LibRT/LibRT-8.0.2\i686-w64-mingw32\lib/libmingw32.a(lib32_libmingw32_a-tlssup.o)
 .data          0x0000000000403020        0x0 E:/Data/setting/Test/_Cwc/Toolchain/VLianceTool/LibRT/LibRT-8.0.2\i686-w64-mingw32\lib/libmingw32.a(lib32_libmingw32_a-cinitexe.o)
 .data          0x0000000000403020        0x0 E:/Data/setting/Test/_Cwc/Toolchain/VLianceTool/LibRT/LibRT-8.0.2\i686-w64-mingw32\lib/libmingw32.a(lib32_libmingw32_a-merr.o)
 .data          0x0000000000403020        0x0 E:/Data/setting/Test/_Cwc/Toolchain/VLianceTool/LibRT/LibRT-8.0.2\i686-w64-mingw32\lib/libmingw32.a(lib32_libmingw32_a-CRT_fp10.o)
 .data          0x0000000000403020        0x0 E:/Data/setting/Test/_Cwc/Toolchain/VLianceTool/LibRT/LibRT-8.0.2\i686-w64-mingw32\lib/libmingw32.a(lib32_libmingw32_a-mingw_helpers.o)
 .data          0x0000000000403020        0x0 E:/Data/setting/Test/_Cwc/Toolchain/VLianceTool/LibRT/LibRT-8.0.2\i686-w64-mingw32\lib/libmingw32.a(lib32_libmingw32_a-pseudo-reloc.o)
 .data          0x0000000000403020        0x0 E:/Data/setting/Test/_Cwc/Toolchain/VLianceTool/LibRT/LibRT-8.0.2\i686-w64-mingw32\lib/libmingw32.a(lib32_libmingw32_a-xtxtmode.o)
 .data          0x0000000000403020        0x0 E:/Data/setting/Test/_Cwc/Toolchain/VLianceTool/LibRT/LibRT-8.0.2\i686-w64-mingw32\lib/libmingw32.a(lib32_libmingw32_a-crt_handler.o)
 .data          0x0000000000403020        0x0 E:/Data/setting/Test/_Cwc/Toolchain/VLianceTool/LibRT/LibRT-8.0.2\i686-w64-mingw32\lib/libmingw32.a(lib32_libmingw32_a-tlsthrd.o)
 .data          0x0000000000403020        0x4 E:/Data/setting/Test/_Cwc/Toolchain/VLianceTool/LibRT/LibRT-8.0.2\i686-w64-mingw32\lib/libmingw32.a(lib32_libmingw32_a-tlsmcrt.o)
                0x0000000000403020                _CRT_MT
 .data          0x0000000000403024        0x0 E:/Data/setting/Test/_Cwc/Toolchain/VLianceTool/LibRT/LibRT-8.0.2\i686-w64-mingw32\lib/libmingw32.a(lib32_libmingw32_a-pseudo-reloc-list.o)
 .data          0x0000000000403024        0x0 E:/Data/setting/Test/_Cwc/Toolchain/VLianceTool/LibRT/LibRT-8.0.2\i686-w64-mingw32\lib/libmingw32.a(lib32_libmingw32_a-pesect.o)
 .data          0x0000000000403024        0x0 E:/Data/setting/Test/_Cwc/Toolchain/VLianceTool/LibRT/LibRT-8.0.2\lib\gcc\i686-w64-mingw32\8.1.0/libgcc.a(_chkstk_ms.o)
 .data          0x0000000000403024        0x0 E:/Data/setting/Test/_Cwc/Toolchain/VLianceTool/LibRT/LibRT-8.0.2\lib\gcc\i686-w64-mingw32\8.1.0/libgcc.a(_ctors.o)
 .data          0x0000000000403024        0x4 E:/Data/setting/Test/_Cwc/Toolchain/VLianceTool/LibRT/LibRT-8.0.2\i686-w64-mingw32\lib/libmingwex.a(lib32_libmingwex_a-mingw_matherr.o)
                0x0000000000403024                _MINGW_INSTALL_DEBUG_MATHERR
 .data          0x0000000000403028        0x0 E:/Data/setting/Test/_Cwc/Toolchain/VLianceTool/LibRT/LibRT-8.0.2\i686-w64-mingw32\lib/libmsvcrt.a(dktds01253.o)
 .data          0x0000000000403028        0x0 E:/Data/setting/Test/_Cwc/Toolchain/VLianceTool/LibRT/LibRT-8.0.2\i686-w64-mingw32\lib/libmsvcrt.a(dktds01220.o)
 .data          0x0000000000403028        0x0 E:/Data/setting/Test/_Cwc/Toolchain/VLianceTool/LibRT/LibRT-8.0.2\i686-w64-mingw32\lib/libmsvcrt.a(dktds01217.o)
 .data          0x0000000000403028        0x0 E:/Data/setting/Test/_Cwc/Toolchain/VLianceTool/LibRT/LibRT-8.0.2\i686-w64-mingw32\lib/libmsvcrt.a(dktds01199.o)
 .data          0x0000000000403028        0x0 E:/Data/setting/Test/_Cwc/Toolchain/VLianceTool/LibRT/LibRT-8.0.2\i686-w64-mingw32\lib/libmsvcrt.a(dktds01183.o)
 .data          0x0000000000403028        0x0 E:/Data/setting/Test/_Cwc/Toolchain/VLianceTool/LibRT/LibRT-8.0.2\i686-w64-mingw32\lib/libmsvcrt.a(dktds01179.o)
 .data          0x0000000000403028        0x0 E:/Data/setting/Test/_Cwc/Toolchain/VLianceTool/LibRT/LibRT-8.0.2\i686-w64-mingw32\lib/libmsvcrt.a(dktds01172.o)
 .data          0x0000000000403028        0x0 E:/Data/setting/Test/_Cwc/Toolchain/VLianceTool/LibRT/LibRT-8.0.2\i686-w64-mingw32\lib/libmsvcrt.a(dktds01163.o)
 .data          0x0000000000403028        0x0 E:/Data/setting/Test/_Cwc/Toolchain/VLianceTool/LibRT/LibRT-8.0.2\i686-w64-mingw32\lib/libmsvcrt.a(dktds01118.o)
 .data          0x0000000000403028        0x0 E:/Data/setting/Test/_Cwc/Toolchain/VLianceTool/LibRT/LibRT-8.0.2\i686-w64-mingw32\lib/libmsvcrt.a(dktds01104.o)
 .data          0x0000000000403028        0x0 E:/Data/setting/Test/_Cwc/Toolchain/VLianceTool/LibRT/LibRT-8.0.2\i686-w64-mingw32\lib/libmsvcrt.a(dktds01097.o)
 .data          0x0000000000403028        0x0 E:/Data/setting/Test/_Cwc/Toolchain/VLianceTool/LibRT/LibRT-8.0.2\i686-w64-mingw32\lib/libmsvcrt.a(dktds01081.o)
 .data          0x0000000000403028        0x0 E:/Data/setting/Test/_Cwc/Toolchain/VLianceTool/LibRT/LibRT-8.0.2\i686-w64-mingw32\lib/libmsvcrt.a(dktds01076.o)
 .data          0x0000000000403028        0x0 E:/Data/setting/Test/_Cwc/Toolchain/VLianceTool/LibRT/LibRT-8.0.2\i686-w64-mingw32\lib/libmsvcrt.a(dktds01057.o)
 .data          0x0000000000403028        0x0 E:/Data/setting/Test/_Cwc/Toolchain/VLianceTool/LibRT/LibRT-8.0.2\i686-w64-mingw32\lib/libmsvcrt.a(dktds00629.o)
 .data          0x0000000000403028        0x0 E:/Data/setting/Test/_Cwc/Toolchain/VLianceTool/LibRT/LibRT-8.0.2\i686-w64-mingw32\lib/libmsvcrt.a(dktds00351.o)
 .data          0x0000000000403028        0x0 E:/Data/setting/Test/_Cwc/Toolchain/VLianceTool/LibRT/LibRT-8.0.2\i686-w64-mingw32\lib/libmsvcrt.a(dktds00161.o)
 .data          0x0000000000403028        0x0 E:/Data/setting/Test/_Cwc/Toolchain/VLianceTool/LibRT/LibRT-8.0.2\i686-w64-mingw32\lib/libmsvcrt.a(dktds00144.o)
 .data          0x0000000000403028        0x0 E:/Data/setting/Test/_Cwc/Toolchain/VLianceTool/LibRT/LibRT-8.0.2\i686-w64-mingw32\lib/libmsvcrt.a(dktds00107.o)
 .data          0x0000000000403028        0x0 E:/Data/setting/Test/_Cwc/Toolchain/VLianceTool/LibRT/LibRT-8.0.2\i686-w64-mingw32\lib/libmsvcrt.a(dktds00104.o)
 .data          0x0000000000403028        0x0 E:/Data/setting/Test/_Cwc/Toolchain/VLianceTool/LibRT/LibRT-8.0.2\i686-w64-mingw32\lib/libmsvcrt.a(dktds00083.o)
 .data          0x0000000000403028        0x0 E:/Data/setting/Test/_Cwc/Toolchain/VLianceTool/LibRT/LibRT-8.0.2\i686-w64-mingw32\lib/libmsvcrt.a(dktds00076.o)
 .data          0x0000000000403028        0x0 E:/Data/setting/Test/_Cwc/Toolchain/VLianceTool/LibRT/LibRT-8.0.2\i686-w64-mingw32\lib/libmsvcrt.a(dktds00068.o)
 .data          0x0000000000403028        0x0 E:/Data/setting/Test/_Cwc/Toolchain/VLianceTool/LibRT/LibRT-8.0.2\i686-w64-mingw32\lib/libmsvcrt.a(dktds00059.o)
 .data          0x0000000000403028        0x0 E:/Data/setting/Test/_Cwc/Toolchain/VLianceTool/LibRT/LibRT-8.0.2\i686-w64-mingw32\lib/libmsvcrt.a(dktds00058.o)
 .data          0x0000000000403028        0x4 E:/Data/setting/Test/_Cwc/Toolchain/VLianceTool/LibRT/LibRT-8.0.2\i686-w64-mingw32\lib/libmsvcrt.a(lib32_libmsvcrt_os_a-acrt_iob_func.o)
                0x0000000000403028                _imp____acrt_iob_func
 .data          0x000000000040302c        0x8 E:/Data/setting/Test/_Cwc/Toolchain/VLianceTool/LibRT/LibRT-8.0.2\i686-w64-mingw32\lib/libmsvcrt.a(lib32_libmsvcrt_os_a-invalid_parameter_handler.o)
                0x000000000040302c                _imp___get_invalid_parameter_handler
                0x0000000000403030                _imp___set_invalid_parameter_handler
 .data          0x0000000000403034        0x0 E:/Data/setting/Test/_Cwc/Toolchain/VLianceTool/LibRT/LibRT-8.0.2\i686-w64-mingw32\lib/libmsvcrt.a(dktdh.o)
 .data          0x0000000000403034        0x0 E:/Data/setting/Test/_Cwc/Toolchain/VLianceTool/LibRT/LibRT-8.0.2\i686-w64-mingw32\lib/libmsvcrt.a(dktds00355.o)
 .data          0x0000000000403034        0x0 E:/Data/setting/Test/_Cwc/Toolchain/VLianceTool/LibRT/LibRT-8.0.2\i686-w64-mingw32\lib/libmsvcrt.a(dktdt.o)
 .data          0x0000000000403034        0x0 E:/Data/setting/Test/_Cwc/Toolchain/VLianceTool/LibRT/LibRT-8.0.2\i686-w64-mingw32\lib/libkernel32.a(dgvfs01246.o)
 .data          0x0000000000403034        0x0 E:/Data/setting/Test/_Cwc/Toolchain/VLianceTool/LibRT/LibRT-8.0.2\i686-w64-mingw32\lib/libkernel32.a(dgvfs01243.o)
 .data          0x0000000000403034        0x0 E:/Data/setting/Test/_Cwc/Toolchain/VLianceTool/LibRT/LibRT-8.0.2\i686-w64-mingw32\lib/libkernel32.a(dgvfs01210.o)
 .data          0x0000000000403034        0x0 E:/Data/setting/Test/_Cwc/Toolchain/VLianceTool/LibRT/LibRT-8.0.2\i686-w64-mingw32\lib/libkernel32.a(dgvfs01197.o)
 .data          0x0000000000403034        0x0 E:/Data/setting/Test/_Cwc/Toolchain/VLianceTool/LibRT/LibRT-8.0.2\i686-w64-mingw32\lib/libkernel32.a(dgvfs01190.o)
 .data          0x0000000000403034        0x0 E:/Data/setting/Test/_Cwc/Toolchain/VLianceTool/LibRT/LibRT-8.0.2\i686-w64-mingw32\lib/libkernel32.a(dgvfs01176.o)
 .data          0x0000000000403034        0x0 E:/Data/setting/Test/_Cwc/Toolchain/VLianceTool/LibRT/LibRT-8.0.2\i686-w64-mingw32\lib/libkernel32.a(dgvfs01163.o)
 .data          0x0000000000403034        0x0 E:/Data/setting/Test/_Cwc/Toolchain/VLianceTool/LibRT/LibRT-8.0.2\i686-w64-mingw32\lib/libkernel32.a(dgvfs00949.o)
 .data          0x0000000000403034        0x0 E:/Data/setting/Test/_Cwc/Toolchain/VLianceTool/LibRT/LibRT-8.0.2\i686-w64-mingw32\lib/libkernel32.a(dgvfs00836.o)
 .data          0x0000000000403034        0x0 E:/Data/setting/Test/_Cwc/Toolchain/VLianceTool/LibRT/LibRT-8.0.2\i686-w64-mingw32\lib/libkernel32.a(dgvfs00750.o)
 .data          0x0000000000403034        0x0 E:/Data/setting/Test/_Cwc/Toolchain/VLianceTool/LibRT/LibRT-8.0.2\i686-w64-mingw32\lib/libkernel32.a(dgvfs00666.o)
 .data          0x0000000000403034        0x0 E:/Data/setting/Test/_Cwc/Toolchain/VLianceTool/LibRT/LibRT-8.0.2\i686-w64-mingw32\lib/libkernel32.a(dgvfs00638.o)
 .data          0x0000000000403034        0x0 E:/Data/setting/Test/_Cwc/Toolchain/VLianceTool/LibRT/LibRT-8.0.2\i686-w64-mingw32\lib/libkernel32.a(dgvfs00615.o)
 .data          0x0000000000403034        0x0 E:/Data/setting/Test/_Cwc/Toolchain/VLianceTool/LibRT/LibRT-8.0.2\i686-w64-mingw32\lib/libkernel32.a(dgvfs00518.o)
 .data          0x0000000000403034        0x0 E:/Data/setting/Test/_Cwc/Toolchain/VLianceTool/LibRT/LibRT-8.0.2\i686-w64-mingw32\lib/libkernel32.a(dgvfs00460.o)
 .data          0x0000000000403034        0x0 E:/Data/setting/Test/_Cwc/Toolchain/VLianceTool/LibRT/LibRT-8.0.2\i686-w64-mingw32\lib/libkernel32.a(dgvfs00456.o)
 .data          0x0000000000403034        0x0 E:/Data/setting/Test/_Cwc/Toolchain/VLianceTool/LibRT/LibRT-8.0.2\i686-w64-mingw32\lib/libkernel32.a(dgvfs00455.o)
 .data          0x0000000000403034        0x0 E:/Data/setting/Test/_Cwc/Toolchain/VLianceTool/LibRT/LibRT-8.0.2\i686-w64-mingw32\lib/libkernel32.a(dgvfs00242.o)
 .data          0x0000000000403034        0x0 E:/Data/setting/Test/_Cwc/Toolchain/VLianceTool/LibRT/LibRT-8.0.2\i686-w64-mingw32\lib/libkernel32.a(dgvfs00214.o)
 .data          0x0000000000403034        0x0 E:/Data/setting/Test/_Cwc/Toolchain/VLianceTool/LibRT/LibRT-8.0.2\i686-w64-mingw32\lib/libkernel32.a(dgvfh.o)
 .data          0x0000000000403034        0x0 E:/Data/setting/Test/_Cwc/Toolchain/VLianceTool/LibRT/LibRT-8.0.2\i686-w64-mingw32\lib/libkernel32.a(dgvft.o)
 .data          0x0000000000403034        0x0 E:/Data/setting/Test/_Cwc/Toolchain/VLianceTool/LibRT/LibRT-8.0.2\lib\gcc\i686-w64-mingw32\8.1.0\crtend.o
 *(.data2)
 *(SORT_BY_NAME(.data$*))
 .data$__security_cookie
                0x0000000000403034        0x4 E:/Data/setting/Test/_Cwc/Toolchain/VLianceTool/LibRT/LibRT-8.0.2\i686-w64-mingw32\lib/libmingw32.a(lib32_libmingw32_a-gs_support.o)
                0x0000000000403034                __security_cookie
 .data$__security_cookie_complement
                0x0000000000403038        0x4 E:/Data/setting/Test/_Cwc/Toolchain/VLianceTool/LibRT/LibRT-8.0.2\i686-w64-mingw32\lib/libmingw32.a(lib32_libmingw32_a-gs_support.o)
                0x0000000000403038                __security_cookie_complement
 *(.jcr)
                0x000000000040303c                __data_end__ = .
 *(.data_cygwin_nocopy)

.rdata          0x0000000000404000      0x400
 *(.rdata)
 .rdata         0x0000000000404000        0xe obj/cpp_CpcDos_O3/000_start_.o
 .rdata         0x000000000040400e       0x36 obj/cpp_CpcDos_O3/ee.o
 .rdata         0x0000000000404044       0x4c obj/cpp_CpcDos_O3/hd.o
 .rdata         0x0000000000404090        0x8 E:/Data/setting/Test/_Cwc/Toolchain/VLianceTool/LibRT/LibRT-8.0.2\i686-w64-mingw32\lib/libmingw32.a(lib32_libmingw32_a-gs_support.o)
 .rdata         0x0000000000404098       0x1c E:/Data/setting/Test/_Cwc/Toolchain/VLianceTool/LibRT/LibRT-8.0.2\i686-w64-mingw32\lib/libmingw32.a(lib32_libmingw32_a-tlssup.o)
                0x0000000000404098                __dyn_tls_init_callback
                0x000000000040409c                _tls_used
 .rdata         0x00000000004040b4      0x134 E:/Data/setting/Test/_Cwc/Toolchain/VLianceTool/LibRT/LibRT-8.0.2\i686-w64-mingw32\lib/libmingw32.a(lib32_libmingw32_a-merr.o)
 .rdata         0x00000000004041e8       0xf8 E:/Data/setting/Test/_Cwc/Toolchain/VLianceTool/LibRT/LibRT-8.0.2\i686-w64-mingw32\lib/libmingw32.a(lib32_libmingw32_a-pseudo-reloc.o)
 *(SORT_BY_NAME(.rdata$*))
                0x00000000004042e0                __rt_psrelocs_start = .
 *(.rdata_runtime_pseudo_reloc)
                0x00000000004042e0                __rt_psrelocs_end = .
                0x0000000000000000                __rt_psrelocs_size = (__rt_psrelocs_end - __rt_psrelocs_start)
                0x00000000004042e0                ___RUNTIME_PSEUDO_RELOC_LIST_END__ = .
                0x00000000004042e0                __RUNTIME_PSEUDO_RELOC_LIST_END__ = .
                0x00000000004042e0                ___RUNTIME_PSEUDO_RELOC_LIST__ = (. - __rt_psrelocs_size)
                0x00000000004042e0                __RUNTIME_PSEUDO_RELOC_LIST__ = (. - __rt_psrelocs_size)

.eh_frame
 *(.eh_frame*)

.pdata
 *(.pdata*)

.bss            0x0000000000405000      0x3e8
                0x0000000000405000                __bss_start__ = .
 *(.bss)
 .bss           0x0000000000405000       0x1c E:/Data/setting/Test/_Cwc/Toolchain/VLianceTool/LibRT/LibRT-8.0.2\i686-w64-mingw32\lib\crt2.o
 .bss           0x000000000040501c        0x0 E:/Data/setting/Test/_Cwc/Toolchain/VLianceTool/LibRT/LibRT-8.0.2\lib\gcc\i686-w64-mingw32\8.1.0\crtbegin.o
 .bss           0x000000000040501c        0x0 obj/cpp_CpcDos_O3/000_start_.o
 .bss           0x000000000040501c        0x0 obj/cpp_CpcDos_O3/ee.o
 .bss           0x000000000040501c        0x0 obj/cpp_CpcDos_O3/hd.o
 .bss           0x000000000040501c        0x0 E:/Data/setting/Test/_Cwc/Toolchain/VLianceTool/LibRT/LibRT-8.0.2\i686-w64-mingw32\lib/libmingw32.a(lib32_libmingw32_a-crt0_c.o)
 .bss           0x000000000040501c        0x4 E:/Data/setting/Test/_Cwc/Toolchain/VLianceTool/LibRT/LibRT-8.0.2\i686-w64-mingw32\lib/libmingw32.a(lib32_libmingw32_a-gccmain.o)
 .bss           0x0000000000405020        0x0 E:/Data/setting/Test/_Cwc/Toolchain/VLianceTool/LibRT/LibRT-8.0.2\i686-w64-mingw32\lib/libmingw32.a(lib32_libmingw32_a-natstart.o)
 .bss           0x0000000000405020        0x0 E:/Data/setting/Test/_Cwc/Toolchain/VLianceTool/LibRT/LibRT-8.0.2\i686-w64-mingw32\lib/libmingw32.a(lib32_libmingw32_a-wildcard.o)
 .bss           0x0000000000405020        0x4 E:/Data/setting/Test/_Cwc/Toolchain/VLianceTool/LibRT/LibRT-8.0.2\i686-w64-mingw32\lib/libmingw32.a(lib32_libmingw32_a-charmax.o)
                0x0000000000405020                mingw_initcharmax
 .bss           0x0000000000405024        0x0 E:/Data/setting/Test/_Cwc/Toolchain/VLianceTool/LibRT/LibRT-8.0.2\i686-w64-mingw32\lib/libmingw32.a(lib32_libmingw32_a-dllargv.o)
 *fill*         0x0000000000405024       0x1c 
 .bss           0x0000000000405040      0x340 E:/Data/setting/Test/_Cwc/Toolchain/VLianceTool/LibRT/LibRT-8.0.2\i686-w64-mingw32\lib/libmingw32.a(lib32_libmingw32_a-gs_support.o)
 .bss           0x0000000000405380        0x4 E:/Data/setting/Test/_Cwc/Toolchain/VLianceTool/LibRT/LibRT-8.0.2\i686-w64-mingw32\lib/libmingw32.a(lib32_libmingw32_a-_newmode.o)
                0x0000000000405380                _newmode
 .bss           0x0000000000405384       0x10 E:/Data/setting/Test/_Cwc/Toolchain/VLianceTool/LibRT/LibRT-8.0.2\i686-w64-mingw32\lib/libmingw32.a(lib32_libmingw32_a-tlssup.o)
                0x0000000000405384                mingw_initltssuo_force
                0x0000000000405388                mingw_initltsdyn_force
                0x000000000040538c                mingw_initltsdrot_force
                0x0000000000405390                _tls_index
 .bss           0x0000000000405394        0x0 E:/Data/setting/Test/_Cwc/Toolchain/VLianceTool/LibRT/LibRT-8.0.2\i686-w64-mingw32\lib/libmingw32.a(lib32_libmingw32_a-cinitexe.o)
 .bss           0x0000000000405394        0x4 E:/Data/setting/Test/_Cwc/Toolchain/VLianceTool/LibRT/LibRT-8.0.2\i686-w64-mingw32\lib/libmingw32.a(lib32_libmingw32_a-merr.o)
 .bss           0x0000000000405398        0x0 E:/Data/setting/Test/_Cwc/Toolchain/VLianceTool/LibRT/LibRT-8.0.2\i686-w64-mingw32\lib/libmingw32.a(lib32_libmingw32_a-CRT_fp10.o)
 .bss           0x0000000000405398        0x4 E:/Data/setting/Test/_Cwc/Toolchain/VLianceTool/LibRT/LibRT-8.0.2\i686-w64-mingw32\lib/libmingw32.a(lib32_libmingw32_a-mingw_helpers.o)
                0x0000000000405398                mingw_app_type
 .bss           0x000000000040539c        0xc E:/Data/setting/Test/_Cwc/Toolchain/VLianceTool/LibRT/LibRT-8.0.2\i686-w64-mingw32\lib/libmingw32.a(lib32_libmingw32_a-pseudo-reloc.o)
 .bss           0x00000000004053a8        0x4 E:/Data/setting/Test/_Cwc/Toolchain/VLianceTool/LibRT/LibRT-8.0.2\i686-w64-mingw32\lib/libmingw32.a(lib32_libmingw32_a-xtxtmode.o)
                0x00000000004053a8                _fmode
 .bss           0x00000000004053ac        0x4 E:/Data/setting/Test/_Cwc/Toolchain/VLianceTool/LibRT/LibRT-8.0.2\i686-w64-mingw32\lib/libmingw32.a(lib32_libmingw32_a-crt_handler.o)
                0x00000000004053ac                __mingw_oldexcpt_handler
 .bss           0x00000000004053b0       0x20 E:/Data/setting/Test/_Cwc/Toolchain/VLianceTool/LibRT/LibRT-8.0.2\i686-w64-mingw32\lib/libmingw32.a(lib32_libmingw32_a-tlsthrd.o)
 .bss           0x00000000004053d0        0x0 E:/Data/setting/Test/_Cwc/Toolchain/VLianceTool/LibRT/LibRT-8.0.2\i686-w64-mingw32\lib/libmingw32.a(lib32_libmingw32_a-tlsmcrt.o)
 .bss           0x00000000004053d0        0x4 E:/Data/setting/Test/_Cwc/Toolchain/VLianceTool/LibRT/LibRT-8.0.2\i686-w64-mingw32\lib/libmingw32.a(lib32_libmingw32_a-pseudo-reloc-list.o)
 .bss           0x00000000004053d4        0x0 E:/Data/setting/Test/_Cwc/Toolchain/VLianceTool/LibRT/LibRT-8.0.2\i686-w64-mingw32\lib/libmingw32.a(lib32_libmingw32_a-pesect.o)
 .bss           0x00000000004053d4        0x0 E:/Data/setting/Test/_Cwc/Toolchain/VLianceTool/LibRT/LibRT-8.0.2\lib\gcc\i686-w64-mingw32\8.1.0/libgcc.a(_chkstk_ms.o)
 .bss           0x00000000004053d4        0x0 E:/Data/setting/Test/_Cwc/Toolchain/VLianceTool/LibRT/LibRT-8.0.2\lib\gcc\i686-w64-mingw32\8.1.0/libgcc.a(_ctors.o)
 .bss           0x00000000004053d4        0x0 E:/Data/setting/Test/_Cwc/Toolchain/VLianceTool/LibRT/LibRT-8.0.2\i686-w64-mingw32\lib/libmingwex.a(lib32_libmingwex_a-mingw_matherr.o)
 .bss           0x00000000004053d4        0x0 E:/Data/setting/Test/_Cwc/Toolchain/VLianceTool/LibRT/LibRT-8.0.2\i686-w64-mingw32\lib/libmsvcrt.a(dktds01253.o)
 .bss           0x00000000004053d4        0x0 E:/Data/setting/Test/_Cwc/Toolchain/VLianceTool/LibRT/LibRT-8.0.2\i686-w64-mingw32\lib/libmsvcrt.a(dktds01220.o)
 .bss           0x00000000004053d4        0x0 E:/Data/setting/Test/_Cwc/Toolchain/VLianceTool/LibRT/LibRT-8.0.2\i686-w64-mingw32\lib/libmsvcrt.a(dktds01217.o)
 .bss           0x00000000004053d4        0x0 E:/Data/setting/Test/_Cwc/Toolchain/VLianceTool/LibRT/LibRT-8.0.2\i686-w64-mingw32\lib/libmsvcrt.a(dktds01199.o)
 .bss           0x00000000004053d4        0x0 E:/Data/setting/Test/_Cwc/Toolchain/VLianceTool/LibRT/LibRT-8.0.2\i686-w64-mingw32\lib/libmsvcrt.a(dktds01183.o)
 .bss           0x00000000004053d4        0x0 E:/Data/setting/Test/_Cwc/Toolchain/VLianceTool/LibRT/LibRT-8.0.2\i686-w64-mingw32\lib/libmsvcrt.a(dktds01179.o)
 .bss           0x00000000004053d4        0x0 E:/Data/setting/Test/_Cwc/Toolchain/VLianceTool/LibRT/LibRT-8.0.2\i686-w64-mingw32\lib/libmsvcrt.a(dktds01172.o)
 .bss           0x00000000004053d4        0x0 E:/Data/setting/Test/_Cwc/Toolchain/VLianceTool/LibRT/LibRT-8.0.2\i686-w64-mingw32\lib/libmsvcrt.a(dktds01163.o)
 .bss           0x00000000004053d4        0x0 E:/Data/setting/Test/_Cwc/Toolchain/VLianceTool/LibRT/LibRT-8.0.2\i686-w64-mingw32\lib/libmsvcrt.a(dktds01118.o)
 .bss           0x00000000004053d4        0x0 E:/Data/setting/Test/_Cwc/Toolchain/VLianceTool/LibRT/LibRT-8.0.2\i686-w64-mingw32\lib/libmsvcrt.a(dktds01104.o)
 .bss           0x00000000004053d4        0x0 E:/Data/setting/Test/_Cwc/Toolchain/VLianceTool/LibRT/LibRT-8.0.2\i686-w64-mingw32\lib/libmsvcrt.a(dktds01097.o)
 .bss           0x00000000004053d4        0x0 E:/Data/setting/Test/_Cwc/Toolchain/VLianceTool/LibRT/LibRT-8.0.2\i686-w64-mingw32\lib/libmsvcrt.a(dktds01081.o)
 .bss           0x00000000004053d4        0x0 E:/Data/setting/Test/_Cwc/Toolchain/VLianceTool/LibRT/LibRT-8.0.2\i686-w64-mingw32\lib/libmsvcrt.a(dktds01076.o)
 .bss           0x00000000004053d4        0x0 E:/Data/setting/Test/_Cwc/Toolchain/VLianceTool/LibRT/LibRT-8.0.2\i686-w64-mingw32\lib/libmsvcrt.a(dktds01057.o)
 .bss           0x00000000004053d4        0x0 E:/Data/setting/Test/_Cwc/Toolchain/VLianceTool/LibRT/LibRT-8.0.2\i686-w64-mingw32\lib/libmsvcrt.a(dktds00629.o)
 .bss           0x00000000004053d4        0x0 E:/Data/setting/Test/_Cwc/Toolchain/VLianceTool/LibRT/LibRT-8.0.2\i686-w64-mingw32\lib/libmsvcrt.a(dktds00351.o)
 .bss           0x00000000004053d4        0x0 E:/Data/setting/Test/_Cwc/Toolchain/VLianceTool/LibRT/LibRT-8.0.2\i686-w64-mingw32\lib/libmsvcrt.a(dktds00161.o)
 .bss           0x00000000004053d4        0x0 E:/Data/setting/Test/_Cwc/Toolchain/VLianceTool/LibRT/LibRT-8.0.2\i686-w64-mingw32\lib/libmsvcrt.a(dktds00144.o)
 .bss           0x00000000004053d4        0x0 E:/Data/setting/Test/_Cwc/Toolchain/VLianceTool/LibRT/LibRT-8.0.2\i686-w64-mingw32\lib/libmsvcrt.a(dktds00107.o)
 .bss           0x00000000004053d4        0x0 E:/Data/setting/Test/_Cwc/Toolchain/VLianceTool/LibRT/LibRT-8.0.2\i686-w64-mingw32\lib/libmsvcrt.a(dktds00104.o)
 .bss           0x00000000004053d4        0x0 E:/Data/setting/Test/_Cwc/Toolchain/VLianceTool/LibRT/LibRT-8.0.2\i686-w64-mingw32\lib/libmsvcrt.a(dktds00083.o)
 .bss           0x00000000004053d4        0x0 E:/Data/setting/Test/_Cwc/Toolchain/VLianceTool/LibRT/LibRT-8.0.2\i686-w64-mingw32\lib/libmsvcrt.a(dktds00076.o)
 .bss           0x00000000004053d4        0x0 E:/Data/setting/Test/_Cwc/Toolchain/VLianceTool/LibRT/LibRT-8.0.2\i686-w64-mingw32\lib/libmsvcrt.a(dktds00068.o)
 .bss           0x00000000004053d4        0x0 E:/Data/setting/Test/_Cwc/Toolchain/VLianceTool/LibRT/LibRT-8.0.2\i686-w64-mingw32\lib/libmsvcrt.a(dktds00059.o)
 .bss           0x00000000004053d4        0x0 E:/Data/setting/Test/_Cwc/Toolchain/VLianceTool/LibRT/LibRT-8.0.2\i686-w64-mingw32\lib/libmsvcrt.a(dktds00058.o)
 .bss           0x00000000004053d4        0x0 E:/Data/setting/Test/_Cwc/Toolchain/VLianceTool/LibRT/LibRT-8.0.2\i686-w64-mingw32\lib/libmsvcrt.a(lib32_libmsvcrt_os_a-acrt_iob_func.o)
 .bss           0x00000000004053d4        0x4 E:/Data/setting/Test/_Cwc/Toolchain/VLianceTool/LibRT/LibRT-8.0.2\i686-w64-mingw32\lib/libmsvcrt.a(lib32_libmsvcrt_os_a-invalid_parameter_handler.o)
 .bss           0x00000000004053d8        0x0 E:/Data/setting/Test/_Cwc/Toolchain/VLianceTool/LibRT/LibRT-8.0.2\i686-w64-mingw32\lib/libmsvcrt.a(dktdh.o)
 .bss           0x00000000004053d8        0x0 E:/Data/setting/Test/_Cwc/Toolchain/VLianceTool/LibRT/LibRT-8.0.2\i686-w64-mingw32\lib/libmsvcrt.a(dktds00355.o)
 .bss           0x00000000004053d8        0x0 E:/Data/setting/Test/_Cwc/Toolchain/VLianceTool/LibRT/LibRT-8.0.2\i686-w64-mingw32\lib/libmsvcrt.a(dktdt.o)
 .bss           0x00000000004053d8        0x0 E:/Data/setting/Test/_Cwc/Toolchain/VLianceTool/LibRT/LibRT-8.0.2\i686-w64-mingw32\lib/libkernel32.a(dgvfs01246.o)
 .bss           0x00000000004053d8        0x0 E:/Data/setting/Test/_Cwc/Toolchain/VLianceTool/LibRT/LibRT-8.0.2\i686-w64-mingw32\lib/libkernel32.a(dgvfs01243.o)
 .bss           0x00000000004053d8        0x0 E:/Data/setting/Test/_Cwc/Toolchain/VLianceTool/LibRT/LibRT-8.0.2\i686-w64-mingw32\lib/libkernel32.a(dgvfs01210.o)
 .bss           0x00000000004053d8        0x0 E:/Data/setting/Test/_Cwc/Toolchain/VLianceTool/LibRT/LibRT-8.0.2\i686-w64-mingw32\lib/libkernel32.a(dgvfs01197.o)
 .bss           0x00000000004053d8        0x0 E:/Data/setting/Test/_Cwc/Toolchain/VLianceTool/LibRT/LibRT-8.0.2\i686-w64-mingw32\lib/libkernel32.a(dgvfs01190.o)
 .bss           0x00000000004053d8        0x0 E:/Data/setting/Test/_Cwc/Toolchain/VLianceTool/LibRT/LibRT-8.0.2\i686-w64-mingw32\lib/libkernel32.a(dgvfs01176.o)
 .bss           0x00000000004053d8        0x0 E:/Data/setting/Test/_Cwc/Toolchain/VLianceTool/LibRT/LibRT-8.0.2\i686-w64-mingw32\lib/libkernel32.a(dgvfs01163.o)
 .bss           0x00000000004053d8        0x0 E:/Data/setting/Test/_Cwc/Toolchain/VLianceTool/LibRT/LibRT-8.0.2\i686-w64-mingw32\lib/libkernel32.a(dgvfs00949.o)
 .bss           0x00000000004053d8        0x0 E:/Data/setting/Test/_Cwc/Toolchain/VLianceTool/LibRT/LibRT-8.0.2\i686-w64-mingw32\lib/libkernel32.a(dgvfs00836.o)
 .bss           0x00000000004053d8        0x0 E:/Data/setting/Test/_Cwc/Toolchain/VLianceTool/LibRT/LibRT-8.0.2\i686-w64-mingw32\lib/libkernel32.a(dgvfs00750.o)
 .bss           0x00000000004053d8        0x0 E:/Data/setting/Test/_Cwc/Toolchain/VLianceTool/LibRT/LibRT-8.0.2\i686-w64-mingw32\lib/libkernel32.a(dgvfs00666.o)
 .bss           0x00000000004053d8        0x0 E:/Data/setting/Test/_Cwc/Toolchain/VLianceTool/LibRT/LibRT-8.0.2\i686-w64-mingw32\lib/libkernel32.a(dgvfs00638.o)
 .bss           0x00000000004053d8        0x0 E:/Data/setting/Test/_Cwc/Toolchain/VLianceTool/LibRT/LibRT-8.0.2\i686-w64-mingw32\lib/libkernel32.a(dgvfs00615.o)
 .bss           0x00000000004053d8        0x0 E:/Data/setting/Test/_Cwc/Toolchain/VLianceTool/LibRT/LibRT-8.0.2\i686-w64-mingw32\lib/libkernel32.a(dgvfs00518.o)
 .bss           0x00000000004053d8        0x0 E:/Data/setting/Test/_Cwc/Toolchain/VLianceTool/LibRT/LibRT-8.0.2\i686-w64-mingw32\lib/libkernel32.a(dgvfs00460.o)
 .bss           0x00000000004053d8        0x0 E:/Data/setting/Test/_Cwc/Toolchain/VLianceTool/LibRT/LibRT-8.0.2\i686-w64-mingw32\lib/libkernel32.a(dgvfs00456.o)
 .bss           0x00000000004053d8        0x0 E:/Data/setting/Test/_Cwc/Toolchain/VLianceTool/LibRT/LibRT-8.0.2\i686-w64-mingw32\lib/libkernel32.a(dgvfs00455.o)
 .bss           0x00000000004053d8        0x0 E:/Data/setting/Test/_Cwc/Toolchain/VLianceTool/LibRT/LibRT-8.0.2\i686-w64-mingw32\lib/libkernel32.a(dgvfs00242.o)
 .bss           0x00000000004053d8        0x0 E:/Data/setting/Test/_Cwc/Toolchain/VLianceTool/LibRT/LibRT-8.0.2\i686-w64-mingw32\lib/libkernel32.a(dgvfs00214.o)
 .bss           0x00000000004053d8        0x0 E:/Data/setting/Test/_Cwc/Toolchain/VLianceTool/LibRT/LibRT-8.0.2\i686-w64-mingw32\lib/libkernel32.a(dgvfh.o)
 .bss           0x00000000004053d8        0x0 E:/Data/setting/Test/_Cwc/Toolchain/VLianceTool/LibRT/LibRT-8.0.2\i686-w64-mingw32\lib/libkernel32.a(dgvft.o)
 .bss           0x00000000004053d8        0x0 E:/Data/setting/Test/_Cwc/Toolchain/VLianceTool/LibRT/LibRT-8.0.2\lib\gcc\i686-w64-mingw32\8.1.0\crtend.o
 *(COMMON)
 COMMON         0x00000000004053d8        0x8 E:/Data/setting/Test/_Cwc/Toolchain/VLianceTool/LibRT/LibRT-8.0.2\i686-w64-mingw32\lib\crt2.o
                0x00000000004053d8                __mingw_winmain_lpCmdLine
                0x00000000004053dc                __mingw_winmain_hInstance
 COMMON         0x00000000004053e0        0x8 E:/Data/setting/Test/_Cwc/Toolchain/VLianceTool/LibRT/LibRT-8.0.2\i686-w64-mingw32\lib/libmingw32.a(lib32_libmingw32_a-natstart.o)
                0x00000000004053e0                __native_startup_lock
                0x00000000004053e4                __native_startup_state
 COMMON         0x00000000004053e8        0x0 E:/Data/setting/Test/_Cwc/Toolchain/VLianceTool/LibRT/LibRT-8.0.2\lib\gcc\i686-w64-mingw32\8.1.0/libgcc.a(_ctors.o)
                0x00000000004053e8                __bss_end__ = .

.edata          0x0000000000406000      0x200
 *(.edata)
 .edata         0x0000000000406000       0xbb dll stuff

/DISCARD/
 *(.debug$S)
 *(.debug$T)
 *(.debug$F)
 *(.drectve)
 *(.note.GNU-stack)
 *(.gnu.lto_*)

.idata          0x0000000000407000      0x600
 SORT_BY_NAME(*)(.idata$2)
 .idata$2       0x0000000000407000       0x14 E:/Data/setting/Test/_Cwc/Toolchain/VLianceTool/LibRT/LibRT-8.0.2\i686-w64-mingw32\lib/libkernel32.a(dgvfh.o)
                0x0000000000407000                _head_lib32_libkernel32_a
 .idata$2       0x0000000000407014       0x14 E:/Data/setting/Test/_Cwc/Toolchain/VLianceTool/LibRT/LibRT-8.0.2\i686-w64-mingw32\lib/libmsvcrt.a(dktdh.o)
                0x0000000000407014                _head_lib32_libmsvcrt_os_a
 SORT_BY_NAME(*)(.idata$3)
                0x0000000000407028        0x4 LONG 0x0
                0x000000000040702c        0x4 LONG 0x0
                0x0000000000407030        0x4 LONG 0x0
                0x0000000000407034        0x4 LONG 0x0
                0x0000000000407038        0x4 LONG 0x0
 SORT_BY_NAME(*)(.idata$4)
 .idata$4       0x000000000040703c        0x0 E:/Data/setting/Test/_Cwc/Toolchain/VLianceTool/LibRT/LibRT-8.0.2\i686-w64-mingw32\lib/libkernel32.a(dgvfh.o)
 .idata$4       0x000000000040703c        0x4 E:/Data/setting/Test/_Cwc/Toolchain/VLianceTool/LibRT/LibRT-8.0.2\i686-w64-mingw32\lib/libkernel32.a(dgvfs00214.o)
 .idata$4       0x0000000000407040        0x4 E:/Data/setting/Test/_Cwc/Toolchain/VLianceTool/LibRT/LibRT-8.0.2\i686-w64-mingw32\lib/libkernel32.a(dgvfs00242.o)
 .idata$4       0x0000000000407044        0x4 E:/Data/setting/Test/_Cwc/Toolchain/VLianceTool/LibRT/LibRT-8.0.2\i686-w64-mingw32\lib/libkernel32.a(dgvfs00455.o)
 .idata$4       0x0000000000407048        0x4 E:/Data/setting/Test/_Cwc/Toolchain/VLianceTool/LibRT/LibRT-8.0.2\i686-w64-mingw32\lib/libkernel32.a(dgvfs00456.o)
 .idata$4       0x000000000040704c        0x4 E:/Data/setting/Test/_Cwc/Toolchain/VLianceTool/LibRT/LibRT-8.0.2\i686-w64-mingw32\lib/libkernel32.a(dgvfs00460.o)
 .idata$4       0x0000000000407050        0x4 E:/Data/setting/Test/_Cwc/Toolchain/VLianceTool/LibRT/LibRT-8.0.2\i686-w64-mingw32\lib/libkernel32.a(dgvfs00518.o)
 .idata$4       0x0000000000407054        0x4 E:/Data/setting/Test/_Cwc/Toolchain/VLianceTool/LibRT/LibRT-8.0.2\i686-w64-mingw32\lib/libkernel32.a(dgvfs00615.o)
 .idata$4       0x0000000000407058        0x4 E:/Data/setting/Test/_Cwc/Toolchain/VLianceTool/LibRT/LibRT-8.0.2\i686-w64-mingw32\lib/libkernel32.a(dgvfs00638.o)
 .idata$4       0x000000000040705c        0x4 E:/Data/setting/Test/_Cwc/Toolchain/VLianceTool/LibRT/LibRT-8.0.2\i686-w64-mingw32\lib/libkernel32.a(dgvfs00666.o)
 .idata$4       0x0000000000407060        0x4 E:/Data/setting/Test/_Cwc/Toolchain/VLianceTool/LibRT/LibRT-8.0.2\i686-w64-mingw32\lib/libkernel32.a(dgvfs00750.o)
 .idata$4       0x0000000000407064        0x4 E:/Data/setting/Test/_Cwc/Toolchain/VLianceTool/LibRT/LibRT-8.0.2\i686-w64-mingw32\lib/libkernel32.a(dgvfs00836.o)
 .idata$4       0x0000000000407068        0x4 E:/Data/setting/Test/_Cwc/Toolchain/VLianceTool/LibRT/LibRT-8.0.2\i686-w64-mingw32\lib/libkernel32.a(dgvfs00949.o)
 .idata$4       0x000000000040706c        0x4 E:/Data/setting/Test/_Cwc/Toolchain/VLianceTool/LibRT/LibRT-8.0.2\i686-w64-mingw32\lib/libkernel32.a(dgvfs01163.o)
 .idata$4       0x0000000000407070        0x4 E:/Data/setting/Test/_Cwc/Toolchain/VLianceTool/LibRT/LibRT-8.0.2\i686-w64-mingw32\lib/libkernel32.a(dgvfs01176.o)
 .idata$4       0x0000000000407074        0x4 E:/Data/setting/Test/_Cwc/Toolchain/VLianceTool/LibRT/LibRT-8.0.2\i686-w64-mingw32\lib/libkernel32.a(dgvfs01190.o)
 .idata$4       0x0000000000407078        0x4 E:/Data/setting/Test/_Cwc/Toolchain/VLianceTool/LibRT/LibRT-8.0.2\i686-w64-mingw32\lib/libkernel32.a(dgvfs01197.o)
 .idata$4       0x000000000040707c        0x4 E:/Data/setting/Test/_Cwc/Toolchain/VLianceTool/LibRT/LibRT-8.0.2\i686-w64-mingw32\lib/libkernel32.a(dgvfs01210.o)
 .idata$4       0x0000000000407080        0x4 E:/Data/setting/Test/_Cwc/Toolchain/VLianceTool/LibRT/LibRT-8.0.2\i686-w64-mingw32\lib/libkernel32.a(dgvfs01243.o)
 .idata$4       0x0000000000407084        0x4 E:/Data/setting/Test/_Cwc/Toolchain/VLianceTool/LibRT/LibRT-8.0.2\i686-w64-mingw32\lib/libkernel32.a(dgvfs01246.o)
 .idata$4       0x0000000000407088        0x4 E:/Data/setting/Test/_Cwc/Toolchain/VLianceTool/LibRT/LibRT-8.0.2\i686-w64-mingw32\lib/libkernel32.a(dgvft.o)
 .idata$4       0x000000000040708c        0x0 E:/Data/setting/Test/_Cwc/Toolchain/VLianceTool/LibRT/LibRT-8.0.2\i686-w64-mingw32\lib/libmsvcrt.a(dktdh.o)
 .idata$4       0x000000000040708c        0x4 E:/Data/setting/Test/_Cwc/Toolchain/VLianceTool/LibRT/LibRT-8.0.2\i686-w64-mingw32\lib/libmsvcrt.a(dktds00058.o)
 .idata$4       0x0000000000407090        0x4 E:/Data/setting/Test/_Cwc/Toolchain/VLianceTool/LibRT/LibRT-8.0.2\i686-w64-mingw32\lib/libmsvcrt.a(dktds00059.o)
 .idata$4       0x0000000000407094        0x4 E:/Data/setting/Test/_Cwc/Toolchain/VLianceTool/LibRT/LibRT-8.0.2\i686-w64-mingw32\lib/libmsvcrt.a(dktds00068.o)
 .idata$4       0x0000000000407098        0x4 E:/Data/setting/Test/_Cwc/Toolchain/VLianceTool/LibRT/LibRT-8.0.2\i686-w64-mingw32\lib/libmsvcrt.a(dktds00076.o)
 .idata$4       0x000000000040709c        0x4 E:/Data/setting/Test/_Cwc/Toolchain/VLianceTool/LibRT/LibRT-8.0.2\i686-w64-mingw32\lib/libmsvcrt.a(dktds00083.o)
 .idata$4       0x00000000004070a0        0x4 E:/Data/setting/Test/_Cwc/Toolchain/VLianceTool/LibRT/LibRT-8.0.2\i686-w64-mingw32\lib/libmsvcrt.a(dktds00104.o)
 .idata$4       0x00000000004070a4        0x4 E:/Data/setting/Test/_Cwc/Toolchain/VLianceTool/LibRT/LibRT-8.0.2\i686-w64-mingw32\lib/libmsvcrt.a(dktds00107.o)
 .idata$4       0x00000000004070a8        0x4 E:/Data/setting/Test/_Cwc/Toolchain/VLianceTool/LibRT/LibRT-8.0.2\i686-w64-mingw32\lib/libmsvcrt.a(dktds00144.o)
 .idata$4       0x00000000004070ac        0x4 E:/Data/setting/Test/_Cwc/Toolchain/VLianceTool/LibRT/LibRT-8.0.2\i686-w64-mingw32\lib/libmsvcrt.a(dktds00161.o)
 .idata$4       0x00000000004070b0        0x4 E:/Data/setting/Test/_Cwc/Toolchain/VLianceTool/LibRT/LibRT-8.0.2\i686-w64-mingw32\lib/libmsvcrt.a(dktds00351.o)
 .idata$4       0x00000000004070b4        0x4 E:/Data/setting/Test/_Cwc/Toolchain/VLianceTool/LibRT/LibRT-8.0.2\i686-w64-mingw32\lib/libmsvcrt.a(dktds00355.o)
 .idata$4       0x00000000004070b8        0x4 E:/Data/setting/Test/_Cwc/Toolchain/VLianceTool/LibRT/LibRT-8.0.2\i686-w64-mingw32\lib/libmsvcrt.a(dktds00629.o)
 .idata$4       0x00000000004070bc        0x4 E:/Data/setting/Test/_Cwc/Toolchain/VLianceTool/LibRT/LibRT-8.0.2\i686-w64-mingw32\lib/libmsvcrt.a(dktds01057.o)
 .idata$4       0x00000000004070c0        0x4 E:/Data/setting/Test/_Cwc/Toolchain/VLianceTool/LibRT/LibRT-8.0.2\i686-w64-mingw32\lib/libmsvcrt.a(dktds01076.o)
 .idata$4       0x00000000004070c4        0x4 E:/Data/setting/Test/_Cwc/Toolchain/VLianceTool/LibRT/LibRT-8.0.2\i686-w64-mingw32\lib/libmsvcrt.a(dktds01081.o)
 .idata$4       0x00000000004070c8        0x4 E:/Data/setting/Test/_Cwc/Toolchain/VLianceTool/LibRT/LibRT-8.0.2\i686-w64-mingw32\lib/libmsvcrt.a(dktds01097.o)
 .idata$4       0x00000000004070cc        0x4 E:/Data/setting/Test/_Cwc/Toolchain/VLianceTool/LibRT/LibRT-8.0.2\i686-w64-mingw32\lib/libmsvcrt.a(dktds01104.o)
 .idata$4       0x00000000004070d0        0x4 E:/Data/setting/Test/_Cwc/Toolchain/VLianceTool/LibRT/LibRT-8.0.2\i686-w64-mingw32\lib/libmsvcrt.a(dktds01118.o)
 .idata$4       0x00000000004070d4        0x4 E:/Data/setting/Test/_Cwc/Toolchain/VLianceTool/LibRT/LibRT-8.0.2\i686-w64-mingw32\lib/libmsvcrt.a(dktds01163.o)
 .idata$4       0x00000000004070d8        0x4 E:/Data/setting/Test/_Cwc/Toolchain/VLianceTool/LibRT/LibRT-8.0.2\i686-w64-mingw32\lib/libmsvcrt.a(dktds01172.o)
 .idata$4       0x00000000004070dc        0x4 E:/Data/setting/Test/_Cwc/Toolchain/VLianceTool/LibRT/LibRT-8.0.2\i686-w64-mingw32\lib/libmsvcrt.a(dktds01179.o)
 .idata$4       0x00000000004070e0        0x4 E:/Data/setting/Test/_Cwc/Toolchain/VLianceTool/LibRT/LibRT-8.0.2\i686-w64-mingw32\lib/libmsvcrt.a(dktds01183.o)
 .idata$4       0x00000000004070e4        0x4 E:/Data/setting/Test/_Cwc/Toolchain/VLianceTool/LibRT/LibRT-8.0.2\i686-w64-mingw32\lib/libmsvcrt.a(dktds01199.o)
 .idata$4       0x00000000004070e8        0x4 E:/Data/setting/Test/_Cwc/Toolchain/VLianceTool/LibRT/LibRT-8.0.2\i686-w64-mingw32\lib/libmsvcrt.a(dktds01217.o)
 .idata$4       0x00000000004070ec        0x4 E:/Data/setting/Test/_Cwc/Toolchain/VLianceTool/LibRT/LibRT-8.0.2\i686-w64-mingw32\lib/libmsvcrt.a(dktds01220.o)
 .idata$4       0x00000000004070f0        0x4 E:/Data/setting/Test/_Cwc/Toolchain/VLianceTool/LibRT/LibRT-8.0.2\i686-w64-mingw32\lib/libmsvcrt.a(dktds01253.o)
 .idata$4       0x00000000004070f4        0x4 E:/Data/setting/Test/_Cwc/Toolchain/VLianceTool/LibRT/LibRT-8.0.2\i686-w64-mingw32\lib/libmsvcrt.a(dktdt.o)
                0x00000000004070f8                __IAT_start__ = .
 SORT_BY_NAME(*)(.idata$5)
 .idata$5       0x00000000004070f8        0x0 E:/Data/setting/Test/_Cwc/Toolchain/VLianceTool/LibRT/LibRT-8.0.2\i686-w64-mingw32\lib/libkernel32.a(dgvfh.o)
 .idata$5       0x00000000004070f8        0x4 E:/Data/setting/Test/_Cwc/Toolchain/VLianceTool/LibRT/LibRT-8.0.2\i686-w64-mingw32\lib/libkernel32.a(dgvfs00214.o)
                0x00000000004070f8                _imp__DeleteCriticalSection@4
 .idata$5       0x00000000004070fc        0x4 E:/Data/setting/Test/_Cwc/Toolchain/VLianceTool/LibRT/LibRT-8.0.2\i686-w64-mingw32\lib/libkernel32.a(dgvfs00242.o)
                0x00000000004070fc                _imp__EnterCriticalSection@4
 .idata$5       0x0000000000407100        0x4 E:/Data/setting/Test/_Cwc/Toolchain/VLianceTool/LibRT/LibRT-8.0.2\i686-w64-mingw32\lib/libkernel32.a(dgvfs00455.o)
                0x0000000000407100                _imp__GetCurrentProcess@0
 .idata$5       0x0000000000407104        0x4 E:/Data/setting/Test/_Cwc/Toolchain/VLianceTool/LibRT/LibRT-8.0.2\i686-w64-mingw32\lib/libkernel32.a(dgvfs00456.o)
                0x0000000000407104                _imp__GetCurrentProcessId@0
 .idata$5       0x0000000000407108        0x4 E:/Data/setting/Test/_Cwc/Toolchain/VLianceTool/LibRT/LibRT-8.0.2\i686-w64-mingw32\lib/libkernel32.a(dgvfs00460.o)
                0x0000000000407108                _imp__GetCurrentThreadId@0
 .idata$5       0x000000000040710c        0x4 E:/Data/setting/Test/_Cwc/Toolchain/VLianceTool/LibRT/LibRT-8.0.2\i686-w64-mingw32\lib/libkernel32.a(dgvfs00518.o)
                0x000000000040710c                _imp__GetLastError@0
 .idata$5       0x0000000000407110        0x4 E:/Data/setting/Test/_Cwc/Toolchain/VLianceTool/LibRT/LibRT-8.0.2\i686-w64-mingw32\lib/libkernel32.a(dgvfs00615.o)
                0x0000000000407110                _imp__GetStartupInfoA@4
 .idata$5       0x0000000000407114        0x4 E:/Data/setting/Test/_Cwc/Toolchain/VLianceTool/LibRT/LibRT-8.0.2\i686-w64-mingw32\lib/libkernel32.a(dgvfs00638.o)
                0x0000000000407114                _imp__GetSystemTimeAsFileTime@4
 .idata$5       0x0000000000407118        0x4 E:/Data/setting/Test/_Cwc/Toolchain/VLianceTool/LibRT/LibRT-8.0.2\i686-w64-mingw32\lib/libkernel32.a(dgvfs00666.o)
                0x0000000000407118                _imp__GetTickCount@0
 .idata$5       0x000000000040711c        0x4 E:/Data/setting/Test/_Cwc/Toolchain/VLianceTool/LibRT/LibRT-8.0.2\i686-w64-mingw32\lib/libkernel32.a(dgvfs00750.o)
                0x000000000040711c                _imp__InitializeCriticalSection@4
 .idata$5       0x0000000000407120        0x4 E:/Data/setting/Test/_Cwc/Toolchain/VLianceTool/LibRT/LibRT-8.0.2\i686-w64-mingw32\lib/libkernel32.a(dgvfs00836.o)
                0x0000000000407120                _imp__LeaveCriticalSection@4
 .idata$5       0x0000000000407124        0x4 E:/Data/setting/Test/_Cwc/Toolchain/VLianceTool/LibRT/LibRT-8.0.2\i686-w64-mingw32\lib/libkernel32.a(dgvfs00949.o)
                0x0000000000407124                _imp__QueryPerformanceCounter@4
 .idata$5       0x0000000000407128        0x4 E:/Data/setting/Test/_Cwc/Toolchain/VLianceTool/LibRT/LibRT-8.0.2\i686-w64-mingw32\lib/libkernel32.a(dgvfs01163.o)
                0x0000000000407128                _imp__SetUnhandledExceptionFilter@4
 .idata$5       0x000000000040712c        0x4 E:/Data/setting/Test/_Cwc/Toolchain/VLianceTool/LibRT/LibRT-8.0.2\i686-w64-mingw32\lib/libkernel32.a(dgvfs01176.o)
                0x000000000040712c                _imp__Sleep@4
 .idata$5       0x0000000000407130        0x4 E:/Data/setting/Test/_Cwc/Toolchain/VLianceTool/LibRT/LibRT-8.0.2\i686-w64-mingw32\lib/libkernel32.a(dgvfs01190.o)
                0x0000000000407130                _imp__TerminateProcess@8
 .idata$5       0x0000000000407134        0x4 E:/Data/setting/Test/_Cwc/Toolchain/VLianceTool/LibRT/LibRT-8.0.2\i686-w64-mingw32\lib/libkernel32.a(dgvfs01197.o)
                0x0000000000407134                _imp__TlsGetValue@4
 .idata$5       0x0000000000407138        0x4 E:/Data/setting/Test/_Cwc/Toolchain/VLianceTool/LibRT/LibRT-8.0.2\i686-w64-mingw32\lib/libkernel32.a(dgvfs01210.o)
                0x0000000000407138                _imp__UnhandledExceptionFilter@4
 .idata$5       0x000000000040713c        0x4 E:/Data/setting/Test/_Cwc/Toolchain/VLianceTool/LibRT/LibRT-8.0.2\i686-w64-mingw32\lib/libkernel32.a(dgvfs01243.o)
                0x000000000040713c                _imp__VirtualProtect@16
 .idata$5       0x0000000000407140        0x4 E:/Data/setting/Test/_Cwc/Toolchain/VLianceTool/LibRT/LibRT-8.0.2\i686-w64-mingw32\lib/libkernel32.a(dgvfs01246.o)
                0x0000000000407140                _imp__VirtualQuery@12
 .idata$5       0x0000000000407144        0x4 E:/Data/setting/Test/_Cwc/Toolchain/VLianceTool/LibRT/LibRT-8.0.2\i686-w64-mingw32\lib/libkernel32.a(dgvft.o)
 .idata$5       0x0000000000407148        0x0 E:/Data/setting/Test/_Cwc/Toolchain/VLianceTool/LibRT/LibRT-8.0.2\i686-w64-mingw32\lib/libmsvcrt.a(dktdh.o)
 .idata$5       0x0000000000407148        0x4 E:/Data/setting/Test/_Cwc/Toolchain/VLianceTool/LibRT/LibRT-8.0.2\i686-w64-mingw32\lib/libmsvcrt.a(dktds00058.o)
                0x0000000000407148                _imp____getmainargs
 .idata$5       0x000000000040714c        0x4 E:/Data/setting/Test/_Cwc/Toolchain/VLianceTool/LibRT/LibRT-8.0.2\i686-w64-mingw32\lib/libmsvcrt.a(dktds00059.o)
                0x000000000040714c                _imp____initenv
 .idata$5       0x0000000000407150        0x4 E:/Data/setting/Test/_Cwc/Toolchain/VLianceTool/LibRT/LibRT-8.0.2\i686-w64-mingw32\lib/libmsvcrt.a(dktds00068.o)
                0x0000000000407150                _imp____lconv_init
 .idata$5       0x0000000000407154        0x4 E:/Data/setting/Test/_Cwc/Toolchain/VLianceTool/LibRT/LibRT-8.0.2\i686-w64-mingw32\lib/libmsvcrt.a(dktds00076.o)
                0x0000000000407154                _imp____p__acmdln
 .idata$5       0x0000000000407158        0x4 E:/Data/setting/Test/_Cwc/Toolchain/VLianceTool/LibRT/LibRT-8.0.2\i686-w64-mingw32\lib/libmsvcrt.a(dktds00083.o)
                0x0000000000407158                _imp____p__fmode
 .idata$5       0x000000000040715c        0x4 E:/Data/setting/Test/_Cwc/Toolchain/VLianceTool/LibRT/LibRT-8.0.2\i686-w64-mingw32\lib/libmsvcrt.a(dktds00104.o)
                0x000000000040715c                _imp____set_app_type
 .idata$5       0x0000000000407160        0x4 E:/Data/setting/Test/_Cwc/Toolchain/VLianceTool/LibRT/LibRT-8.0.2\i686-w64-mingw32\lib/libmsvcrt.a(dktds00107.o)
                0x0000000000407160                _imp____setusermatherr
 .idata$5       0x0000000000407164        0x4 E:/Data/setting/Test/_Cwc/Toolchain/VLianceTool/LibRT/LibRT-8.0.2\i686-w64-mingw32\lib/libmsvcrt.a(dktds00144.o)
                0x0000000000407164                _imp___amsg_exit
 .idata$5       0x0000000000407168        0x4 E:/Data/setting/Test/_Cwc/Toolchain/VLianceTool/LibRT/LibRT-8.0.2\i686-w64-mingw32\lib/libmsvcrt.a(dktds00161.o)
                0x0000000000407168                _imp___cexit
 .idata$5       0x000000000040716c        0x4 E:/Data/setting/Test/_Cwc/Toolchain/VLianceTool/LibRT/LibRT-8.0.2\i686-w64-mingw32\lib/libmsvcrt.a(dktds00351.o)
                0x000000000040716c                _imp___initterm
 .idata$5       0x0000000000407170        0x4 E:/Data/setting/Test/_Cwc/Toolchain/VLianceTool/LibRT/LibRT-8.0.2\i686-w64-mingw32\lib/libmsvcrt.a(dktds00355.o)
                0x0000000000407170                _imp___iob
 .idata$5       0x0000000000407174        0x4 E:/Data/setting/Test/_Cwc/Toolchain/VLianceTool/LibRT/LibRT-8.0.2\i686-w64-mingw32\lib/libmsvcrt.a(dktds00629.o)
                0x0000000000407174                _imp___onexit
 .idata$5       0x0000000000407178        0x4 E:/Data/setting/Test/_Cwc/Toolchain/VLianceTool/LibRT/LibRT-8.0.2\i686-w64-mingw32\lib/libmsvcrt.a(dktds01057.o)
                0x0000000000407178                _imp__abort
 .idata$5       0x000000000040717c        0x4 E:/Data/setting/Test/_Cwc/Toolchain/VLianceTool/LibRT/LibRT-8.0.2\i686-w64-mingw32\lib/libmsvcrt.a(dktds01076.o)
                0x000000000040717c                _imp__calloc
 .idata$5       0x0000000000407180        0x4 E:/Data/setting/Test/_Cwc/Toolchain/VLianceTool/LibRT/LibRT-8.0.2\i686-w64-mingw32\lib/libmsvcrt.a(dktds01081.o)
                0x0000000000407180                _imp__exit
 .idata$5       0x0000000000407184        0x4 E:/Data/setting/Test/_Cwc/Toolchain/VLianceTool/LibRT/LibRT-8.0.2\i686-w64-mingw32\lib/libmsvcrt.a(dktds01097.o)
                0x0000000000407184                _imp__fprintf
 .idata$5       0x0000000000407188        0x4 E:/Data/setting/Test/_Cwc/Toolchain/VLianceTool/LibRT/LibRT-8.0.2\i686-w64-mingw32\lib/libmsvcrt.a(dktds01104.o)
                0x0000000000407188                _imp__free
 .idata$5       0x000000000040718c        0x4 E:/Data/setting/Test/_Cwc/Toolchain/VLianceTool/LibRT/LibRT-8.0.2\i686-w64-mingw32\lib/libmsvcrt.a(dktds01118.o)
                0x000000000040718c                _imp__fwrite
 .idata$5       0x0000000000407190        0x4 E:/Data/setting/Test/_Cwc/Toolchain/VLianceTool/LibRT/LibRT-8.0.2\i686-w64-mingw32\lib/libmsvcrt.a(dktds01163.o)
                0x0000000000407190                _imp__malloc
 .idata$5       0x0000000000407194        0x4 E:/Data/setting/Test/_Cwc/Toolchain/VLianceTool/LibRT/LibRT-8.0.2\i686-w64-mingw32\lib/libmsvcrt.a(dktds01172.o)
                0x0000000000407194                _imp__memcpy
 .idata$5       0x0000000000407198        0x4 E:/Data/setting/Test/_Cwc/Toolchain/VLianceTool/LibRT/LibRT-8.0.2\i686-w64-mingw32\lib/libmsvcrt.a(dktds01179.o)
                0x0000000000407198                _imp__printf
 .idata$5       0x000000000040719c        0x4 E:/Data/setting/Test/_Cwc/Toolchain/VLianceTool/LibRT/LibRT-8.0.2\i686-w64-mingw32\lib/libmsvcrt.a(dktds01183.o)
                0x000000000040719c                _imp__puts
 .idata$5       0x00000000004071a0        0x4 E:/Data/setting/Test/_Cwc/Toolchain/VLianceTool/LibRT/LibRT-8.0.2\i686-w64-mingw32\lib/libmsvcrt.a(dktds01199.o)
                0x00000000004071a0                _imp__signal
 .idata$5       0x00000000004071a4        0x4 E:/Data/setting/Test/_Cwc/Toolchain/VLianceTool/LibRT/LibRT-8.0.2\i686-w64-mingw32\lib/libmsvcrt.a(dktds01217.o)
                0x00000000004071a4                _imp__strlen
 .idata$5       0x00000000004071a8        0x4 E:/Data/setting/Test/_Cwc/Toolchain/VLianceTool/LibRT/LibRT-8.0.2\i686-w64-mingw32\lib/libmsvcrt.a(dktds01220.o)
                0x00000000004071a8                _imp__strncmp
 .idata$5       0x00000000004071ac        0x4 E:/Data/setting/Test/_Cwc/Toolchain/VLianceTool/LibRT/LibRT-8.0.2\i686-w64-mingw32\lib/libmsvcrt.a(dktds01253.o)
                0x00000000004071ac                _imp__vfprintf
 .idata$5       0x00000000004071b0        0x4 E:/Data/setting/Test/_Cwc/Toolchain/VLianceTool/LibRT/LibRT-8.0.2\i686-w64-mingw32\lib/libmsvcrt.a(dktdt.o)
                0x00000000004071b4                __IAT_end__ = .
 SORT_BY_NAME(*)(.idata$6)
 .idata$6       0x00000000004071b4       0x18 E:/Data/setting/Test/_Cwc/Toolchain/VLianceTool/LibRT/LibRT-8.0.2\i686-w64-mingw32\lib/libkernel32.a(dgvfs00214.o)
 .idata$6       0x00000000004071cc       0x18 E:/Data/setting/Test/_Cwc/Toolchain/VLianceTool/LibRT/LibRT-8.0.2\i686-w64-mingw32\lib/libkernel32.a(dgvfs00242.o)
 .idata$6       0x00000000004071e4       0x14 E:/Data/setting/Test/_Cwc/Toolchain/VLianceTool/LibRT/LibRT-8.0.2\i686-w64-mingw32\lib/libkernel32.a(dgvfs00455.o)
 .idata$6       0x00000000004071f8       0x16 E:/Data/setting/Test/_Cwc/Toolchain/VLianceTool/LibRT/LibRT-8.0.2\i686-w64-mingw32\lib/libkernel32.a(dgvfs00456.o)
 .idata$6       0x000000000040720e       0x16 E:/Data/setting/Test/_Cwc/Toolchain/VLianceTool/LibRT/LibRT-8.0.2\i686-w64-mingw32\lib/libkernel32.a(dgvfs00460.o)
 .idata$6       0x0000000000407224       0x10 E:/Data/setting/Test/_Cwc/Toolchain/VLianceTool/LibRT/LibRT-8.0.2\i686-w64-mingw32\lib/libkernel32.a(dgvfs00518.o)
 .idata$6       0x0000000000407234       0x12 E:/Data/setting/Test/_Cwc/Toolchain/VLianceTool/LibRT/LibRT-8.0.2\i686-w64-mingw32\lib/libkernel32.a(dgvfs00615.o)
 .idata$6       0x0000000000407246       0x1a E:/Data/setting/Test/_Cwc/Toolchain/VLianceTool/LibRT/LibRT-8.0.2\i686-w64-mingw32\lib/libkernel32.a(dgvfs00638.o)
 .idata$6       0x0000000000407260       0x10 E:/Data/setting/Test/_Cwc/Toolchain/VLianceTool/LibRT/LibRT-8.0.2\i686-w64-mingw32\lib/libkernel32.a(dgvfs00666.o)
 .idata$6       0x0000000000407270       0x1c E:/Data/setting/Test/_Cwc/Toolchain/VLianceTool/LibRT/LibRT-8.0.2\i686-w64-mingw32\lib/libkernel32.a(dgvfs00750.o)
 .idata$6       0x000000000040728c       0x18 E:/Data/setting/Test/_Cwc/Toolchain/VLianceTool/LibRT/LibRT-8.0.2\i686-w64-mingw32\lib/libkernel32.a(dgvfs00836.o)
 .idata$6       0x00000000004072a4       0x1a E:/Data/setting/Test/_Cwc/Toolchain/VLianceTool/LibRT/LibRT-8.0.2\i686-w64-mingw32\lib/libkernel32.a(dgvfs00949.o)
 .idata$6       0x00000000004072be       0x1e E:/Data/setting/Test/_Cwc/Toolchain/VLianceTool/LibRT/LibRT-8.0.2\i686-w64-mingw32\lib/libkernel32.a(dgvfs01163.o)
 .idata$6       0x00000000004072dc        0x8 E:/Data/setting/Test/_Cwc/Toolchain/VLianceTool/LibRT/LibRT-8.0.2\i686-w64-mingw32\lib/libkernel32.a(dgvfs01176.o)
 .idata$6       0x00000000004072e4       0x14 E:/Data/setting/Test/_Cwc/Toolchain/VLianceTool/LibRT/LibRT-8.0.2\i686-w64-mingw32\lib/libkernel32.a(dgvfs01190.o)
 .idata$6       0x00000000004072f8        0xe E:/Data/setting/Test/_Cwc/Toolchain/VLianceTool/LibRT/LibRT-8.0.2\i686-w64-mingw32\lib/libkernel32.a(dgvfs01197.o)
 .idata$6       0x0000000000407306       0x1c E:/Data/setting/Test/_Cwc/Toolchain/VLianceTool/LibRT/LibRT-8.0.2\i686-w64-mingw32\lib/libkernel32.a(dgvfs01210.o)
 .idata$6       0x0000000000407322       0x12 E:/Data/setting/Test/_Cwc/Toolchain/VLianceTool/LibRT/LibRT-8.0.2\i686-w64-mingw32\lib/libkernel32.a(dgvfs01243.o)
 .idata$6       0x0000000000407334       0x10 E:/Data/setting/Test/_Cwc/Toolchain/VLianceTool/LibRT/LibRT-8.0.2\i686-w64-mingw32\lib/libkernel32.a(dgvfs01246.o)
 .idata$6       0x0000000000407344       0x10 E:/Data/setting/Test/_Cwc/Toolchain/VLianceTool/LibRT/LibRT-8.0.2\i686-w64-mingw32\lib/libmsvcrt.a(dktds00058.o)
 .idata$6       0x0000000000407354        0xc E:/Data/setting/Test/_Cwc/Toolchain/VLianceTool/LibRT/LibRT-8.0.2\i686-w64-mingw32\lib/libmsvcrt.a(dktds00059.o)
 .idata$6       0x0000000000407360       0x10 E:/Data/setting/Test/_Cwc/Toolchain/VLianceTool/LibRT/LibRT-8.0.2\i686-w64-mingw32\lib/libmsvcrt.a(dktds00068.o)
 .idata$6       0x0000000000407370        0xe E:/Data/setting/Test/_Cwc/Toolchain/VLianceTool/LibRT/LibRT-8.0.2\i686-w64-mingw32\lib/libmsvcrt.a(dktds00076.o)
 .idata$6       0x000000000040737e        0xe E:/Data/setting/Test/_Cwc/Toolchain/VLianceTool/LibRT/LibRT-8.0.2\i686-w64-mingw32\lib/libmsvcrt.a(dktds00083.o)
 .idata$6       0x000000000040738c       0x12 E:/Data/setting/Test/_Cwc/Toolchain/VLianceTool/LibRT/LibRT-8.0.2\i686-w64-mingw32\lib/libmsvcrt.a(dktds00104.o)
 .idata$6       0x000000000040739e       0x14 E:/Data/setting/Test/_Cwc/Toolchain/VLianceTool/LibRT/LibRT-8.0.2\i686-w64-mingw32\lib/libmsvcrt.a(dktds00107.o)
 .idata$6       0x00000000004073b2        0xe E:/Data/setting/Test/_Cwc/Toolchain/VLianceTool/LibRT/LibRT-8.0.2\i686-w64-mingw32\lib/libmsvcrt.a(dktds00144.o)
 .idata$6       0x00000000004073c0        0xa E:/Data/setting/Test/_Cwc/Toolchain/VLianceTool/LibRT/LibRT-8.0.2\i686-w64-mingw32\lib/libmsvcrt.a(dktds00161.o)
 .idata$6       0x00000000004073ca        0xc E:/Data/setting/Test/_Cwc/Toolchain/VLianceTool/LibRT/LibRT-8.0.2\i686-w64-mingw32\lib/libmsvcrt.a(dktds00351.o)
 .idata$6       0x00000000004073d6        0x8 E:/Data/setting/Test/_Cwc/Toolchain/VLianceTool/LibRT/LibRT-8.0.2\i686-w64-mingw32\lib/libmsvcrt.a(dktds00355.o)
 .idata$6       0x00000000004073de        0xa E:/Data/setting/Test/_Cwc/Toolchain/VLianceTool/LibRT/LibRT-8.0.2\i686-w64-mingw32\lib/libmsvcrt.a(dktds00629.o)
 .idata$6       0x00000000004073e8        0x8 E:/Data/setting/Test/_Cwc/Toolchain/VLianceTool/LibRT/LibRT-8.0.2\i686-w64-mingw32\lib/libmsvcrt.a(dktds01057.o)
 .idata$6       0x00000000004073f0        0xa E:/Data/setting/Test/_Cwc/Toolchain/VLianceTool/LibRT/LibRT-8.0.2\i686-w64-mingw32\lib/libmsvcrt.a(dktds01076.o)
 .idata$6       0x00000000004073fa        0x8 E:/Data/setting/Test/_Cwc/Toolchain/VLianceTool/LibRT/LibRT-8.0.2\i686-w64-mingw32\lib/libmsvcrt.a(dktds01081.o)
 .idata$6       0x0000000000407402        0xa E:/Data/setting/Test/_Cwc/Toolchain/VLianceTool/LibRT/LibRT-8.0.2\i686-w64-mingw32\lib/libmsvcrt.a(dktds01097.o)
 .idata$6       0x000000000040740c        0x8 E:/Data/setting/Test/_Cwc/Toolchain/VLianceTool/LibRT/LibRT-8.0.2\i686-w64-mingw32\lib/libmsvcrt.a(dktds01104.o)
 .idata$6       0x0000000000407414        0xa E:/Data/setting/Test/_Cwc/Toolchain/VLianceTool/LibRT/LibRT-8.0.2\i686-w64-mingw32\lib/libmsvcrt.a(dktds01118.o)
 .idata$6       0x000000000040741e        0xa E:/Data/setting/Test/_Cwc/Toolchain/VLianceTool/LibRT/LibRT-8.0.2\i686-w64-mingw32\lib/libmsvcrt.a(dktds01163.o)
 .idata$6       0x0000000000407428        0xa E:/Data/setting/Test/_Cwc/Toolchain/VLianceTool/LibRT/LibRT-8.0.2\i686-w64-mingw32\lib/libmsvcrt.a(dktds01172.o)
 .idata$6       0x0000000000407432        0xa E:/Data/setting/Test/_Cwc/Toolchain/VLianceTool/LibRT/LibRT-8.0.2\i686-w64-mingw32\lib/libmsvcrt.a(dktds01179.o)
 .idata$6       0x000000000040743c        0x8 E:/Data/setting/Test/_Cwc/Toolchain/VLianceTool/LibRT/LibRT-8.0.2\i686-w64-mingw32\lib/libmsvcrt.a(dktds01183.o)
 .idata$6       0x0000000000407444        0xa E:/Data/setting/Test/_Cwc/Toolchain/VLianceTool/LibRT/LibRT-8.0.2\i686-w64-mingw32\lib/libmsvcrt.a(dktds01199.o)
 .idata$6       0x000000000040744e        0xa E:/Data/setting/Test/_Cwc/Toolchain/VLianceTool/LibRT/LibRT-8.0.2\i686-w64-mingw32\lib/libmsvcrt.a(dktds01217.o)
 .idata$6       0x0000000000407458        0xa E:/Data/setting/Test/_Cwc/Toolchain/VLianceTool/LibRT/LibRT-8.0.2\i686-w64-mingw32\lib/libmsvcrt.a(dktds01220.o)
 .idata$6       0x0000000000407462        0xc E:/Data/setting/Test/_Cwc/Toolchain/VLianceTool/LibRT/LibRT-8.0.2\i686-w64-mingw32\lib/libmsvcrt.a(dktds01253.o)
 SORT_BY_NAME(*)(.idata$7)
 *fill*         0x000000000040746e        0x2 
 .idata$7       0x0000000000407470        0x4 E:/Data/setting/Test/_Cwc/Toolchain/VLianceTool/LibRT/LibRT-8.0.2\i686-w64-mingw32\lib/libkernel32.a(dgvfs00214.o)
 .idata$7       0x0000000000407474        0x4 E:/Data/setting/Test/_Cwc/Toolchain/VLianceTool/LibRT/LibRT-8.0.2\i686-w64-mingw32\lib/libkernel32.a(dgvfs00242.o)
 .idata$7       0x0000000000407478        0x4 E:/Data/setting/Test/_Cwc/Toolchain/VLianceTool/LibRT/LibRT-8.0.2\i686-w64-mingw32\lib/libkernel32.a(dgvfs00455.o)
 .idata$7       0x000000000040747c        0x4 E:/Data/setting/Test/_Cwc/Toolchain/VLianceTool/LibRT/LibRT-8.0.2\i686-w64-mingw32\lib/libkernel32.a(dgvfs00456.o)
 .idata$7       0x0000000000407480        0x4 E:/Data/setting/Test/_Cwc/Toolchain/VLianceTool/LibRT/LibRT-8.0.2\i686-w64-mingw32\lib/libkernel32.a(dgvfs00460.o)
 .idata$7       0x0000000000407484        0x4 E:/Data/setting/Test/_Cwc/Toolchain/VLianceTool/LibRT/LibRT-8.0.2\i686-w64-mingw32\lib/libkernel32.a(dgvfs00518.o)
 .idata$7       0x0000000000407488        0x4 E:/Data/setting/Test/_Cwc/Toolchain/VLianceTool/LibRT/LibRT-8.0.2\i686-w64-mingw32\lib/libkernel32.a(dgvfs00615.o)
 .idata$7       0x000000000040748c        0x4 E:/Data/setting/Test/_Cwc/Toolchain/VLianceTool/LibRT/LibRT-8.0.2\i686-w64-mingw32\lib/libkernel32.a(dgvfs00638.o)
 .idata$7       0x0000000000407490        0x4 E:/Data/setting/Test/_Cwc/Toolchain/VLianceTool/LibRT/LibRT-8.0.2\i686-w64-mingw32\lib/libkernel32.a(dgvfs00666.o)
 .idata$7       0x0000000000407494        0x4 E:/Data/setting/Test/_Cwc/Toolchain/VLianceTool/LibRT/LibRT-8.0.2\i686-w64-mingw32\lib/libkernel32.a(dgvfs00750.o)
 .idata$7       0x0000000000407498        0x4 E:/Data/setting/Test/_Cwc/Toolchain/VLianceTool/LibRT/LibRT-8.0.2\i686-w64-mingw32\lib/libkernel32.a(dgvfs00836.o)
 .idata$7       0x000000000040749c        0x4 E:/Data/setting/Test/_Cwc/Toolchain/VLianceTool/LibRT/LibRT-8.0.2\i686-w64-mingw32\lib/libkernel32.a(dgvfs00949.o)
 .idata$7       0x00000000004074a0        0x4 E:/Data/setting/Test/_Cwc/Toolchain/VLianceTool/LibRT/LibRT-8.0.2\i686-w64-mingw32\lib/libkernel32.a(dgvfs01163.o)
 .idata$7       0x00000000004074a4        0x4 E:/Data/setting/Test/_Cwc/Toolchain/VLianceTool/LibRT/LibRT-8.0.2\i686-w64-mingw32\lib/libkernel32.a(dgvfs01176.o)
 .idata$7       0x00000000004074a8        0x4 E:/Data/setting/Test/_Cwc/Toolchain/VLianceTool/LibRT/LibRT-8.0.2\i686-w64-mingw32\lib/libkernel32.a(dgvfs01190.o)
 .idata$7       0x00000000004074ac        0x4 E:/Data/setting/Test/_Cwc/Toolchain/VLianceTool/LibRT/LibRT-8.0.2\i686-w64-mingw32\lib/libkernel32.a(dgvfs01197.o)
 .idata$7       0x00000000004074b0        0x4 E:/Data/setting/Test/_Cwc/Toolchain/VLianceTool/LibRT/LibRT-8.0.2\i686-w64-mingw32\lib/libkernel32.a(dgvfs01210.o)
 .idata$7       0x00000000004074b4        0x4 E:/Data/setting/Test/_Cwc/Toolchain/VLianceTool/LibRT/LibRT-8.0.2\i686-w64-mingw32\lib/libkernel32.a(dgvfs01243.o)
 .idata$7       0x00000000004074b8        0x4 E:/Data/setting/Test/_Cwc/Toolchain/VLianceTool/LibRT/LibRT-8.0.2\i686-w64-mingw32\lib/libkernel32.a(dgvfs01246.o)
 .idata$7       0x00000000004074bc       0x10 E:/Data/setting/Test/_Cwc/Toolchain/VLianceTool/LibRT/LibRT-8.0.2\i686-w64-mingw32\lib/libkernel32.a(dgvft.o)
                0x00000000004074bc                _lib32_libkernel32_a_iname
 .idata$7       0x00000000004074cc        0x4 E:/Data/setting/Test/_Cwc/Toolchain/VLianceTool/LibRT/LibRT-8.0.2\i686-w64-mingw32\lib/libmsvcrt.a(dktds00058.o)
 .idata$7       0x00000000004074d0        0x4 E:/Data/setting/Test/_Cwc/Toolchain/VLianceTool/LibRT/LibRT-8.0.2\i686-w64-mingw32\lib/libmsvcrt.a(dktds00059.o)
 .idata$7       0x00000000004074d4        0x4 E:/Data/setting/Test/_Cwc/Toolchain/VLianceTool/LibRT/LibRT-8.0.2\i686-w64-mingw32\lib/libmsvcrt.a(dktds00068.o)
 .idata$7       0x00000000004074d8        0x4 E:/Data/setting/Test/_Cwc/Toolchain/VLianceTool/LibRT/LibRT-8.0.2\i686-w64-mingw32\lib/libmsvcrt.a(dktds00076.o)
 .idata$7       0x00000000004074dc        0x4 E:/Data/setting/Test/_Cwc/Toolchain/VLianceTool/LibRT/LibRT-8.0.2\i686-w64-mingw32\lib/libmsvcrt.a(dktds00083.o)
 .idata$7       0x00000000004074e0        0x4 E:/Data/setting/Test/_Cwc/Toolchain/VLianceTool/LibRT/LibRT-8.0.2\i686-w64-mingw32\lib/libmsvcrt.a(dktds00104.o)
 .idata$7       0x00000000004074e4        0x4 E:/Data/setting/Test/_Cwc/Toolchain/VLianceTool/LibRT/LibRT-8.0.2\i686-w64-mingw32\lib/libmsvcrt.a(dktds00107.o)
 .idata$7       0x00000000004074e8        0x4 E:/Data/setting/Test/_Cwc/Toolchain/VLianceTool/LibRT/LibRT-8.0.2\i686-w64-mingw32\lib/libmsvcrt.a(dktds00144.o)
 .idata$7       0x00000000004074ec        0x4 E:/Data/setting/Test/_Cwc/Toolchain/VLianceTool/LibRT/LibRT-8.0.2\i686-w64-mingw32\lib/libmsvcrt.a(dktds00161.o)
 .idata$7       0x00000000004074f0        0x4 E:/Data/setting/Test/_Cwc/Toolchain/VLianceTool/LibRT/LibRT-8.0.2\i686-w64-mingw32\lib/libmsvcrt.a(dktds00351.o)
 .idata$7       0x00000000004074f4        0x4 E:/Data/setting/Test/_Cwc/Toolchain/VLianceTool/LibRT/LibRT-8.0.2\i686-w64-mingw32\lib/libmsvcrt.a(dktds00355.o)
 .idata$7       0x00000000004074f8        0x4 E:/Data/setting/Test/_Cwc/Toolchain/VLianceTool/LibRT/LibRT-8.0.2\i686-w64-mingw32\lib/libmsvcrt.a(dktds00629.o)
 .idata$7       0x00000000004074fc        0x4 E:/Data/setting/Test/_Cwc/Toolchain/VLianceTool/LibRT/LibRT-8.0.2\i686-w64-mingw32\lib/libmsvcrt.a(dktds01057.o)
 .idata$7       0x0000000000407500        0x4 E:/Data/setting/Test/_Cwc/Toolchain/VLianceTool/LibRT/LibRT-8.0.2\i686-w64-mingw32\lib/libmsvcrt.a(dktds01076.o)
 .idata$7       0x0000000000407504        0x4 E:/Data/setting/Test/_Cwc/Toolchain/VLianceTool/LibRT/LibRT-8.0.2\i686-w64-mingw32\lib/libmsvcrt.a(dktds01081.o)
 .idata$7       0x0000000000407508        0x4 E:/Data/setting/Test/_Cwc/Toolchain/VLianceTool/LibRT/LibRT-8.0.2\i686-w64-mingw32\lib/libmsvcrt.a(dktds01097.o)
 .idata$7       0x000000000040750c        0x4 E:/Data/setting/Test/_Cwc/Toolchain/VLianceTool/LibRT/LibRT-8.0.2\i686-w64-mingw32\lib/libmsvcrt.a(dktds01104.o)
 .idata$7       0x0000000000407510        0x4 E:/Data/setting/Test/_Cwc/Toolchain/VLianceTool/LibRT/LibRT-8.0.2\i686-w64-mingw32\lib/libmsvcrt.a(dktds01118.o)
 .idata$7       0x0000000000407514        0x4 E:/Data/setting/Test/_Cwc/Toolchain/VLianceTool/LibRT/LibRT-8.0.2\i686-w64-mingw32\lib/libmsvcrt.a(dktds01163.o)
 .idata$7       0x0000000000407518        0x4 E:/Data/setting/Test/_Cwc/Toolchain/VLianceTool/LibRT/LibRT-8.0.2\i686-w64-mingw32\lib/libmsvcrt.a(dktds01172.o)
 .idata$7       0x000000000040751c        0x4 E:/Data/setting/Test/_Cwc/Toolchain/VLianceTool/LibRT/LibRT-8.0.2\i686-w64-mingw32\lib/libmsvcrt.a(dktds01179.o)
 .idata$7       0x0000000000407520        0x4 E:/Data/setting/Test/_Cwc/Toolchain/VLianceTool/LibRT/LibRT-8.0.2\i686-w64-mingw32\lib/libmsvcrt.a(dktds01183.o)
 .idata$7       0x0000000000407524        0x4 E:/Data/setting/Test/_Cwc/Toolchain/VLianceTool/LibRT/LibRT-8.0.2\i686-w64-mingw32\lib/libmsvcrt.a(dktds01199.o)
 .idata$7       0x0000000000407528        0x4 E:/Data/setting/Test/_Cwc/Toolchain/VLianceTool/LibRT/LibRT-8.0.2\i686-w64-mingw32\lib/libmsvcrt.a(dktds01217.o)
 .idata$7       0x000000000040752c        0x4 E:/Data/setting/Test/_Cwc/Toolchain/VLianceTool/LibRT/LibRT-8.0.2\i686-w64-mingw32\lib/libmsvcrt.a(dktds01220.o)
 .idata$7       0x0000000000407530        0x4 E:/Data/setting/Test/_Cwc/Toolchain/VLianceTool/LibRT/LibRT-8.0.2\i686-w64-mingw32\lib/libmsvcrt.a(dktds01253.o)
 .idata$7       0x0000000000407534        0xc E:/Data/setting/Test/_Cwc/Toolchain/VLianceTool/LibRT/LibRT-8.0.2\i686-w64-mingw32\lib/libmsvcrt.a(dktdt.o)
                0x0000000000407534                _lib32_libmsvcrt_os_a_iname

.CRT            0x0000000000408000      0x200
                0x0000000000408000                ___crt_xc_start__ = .
 *(SORT_BY_NAME(.CRT$XC*))
 .CRT$XCA       0x0000000000408000        0x4 E:/Data/setting/Test/_Cwc/Toolchain/VLianceTool/LibRT/LibRT-8.0.2\i686-w64-mingw32\lib/libmingw32.a(lib32_libmingw32_a-cinitexe.o)
                0x0000000000408000                __xc_a
 .CRT$XCAA      0x0000000000408004        0x4 E:/Data/setting/Test/_Cwc/Toolchain/VLianceTool/LibRT/LibRT-8.0.2\i686-w64-mingw32\lib\crt2.o
                0x0000000000408004                mingw_pcppinit
 .CRT$XCZ       0x0000000000408008        0x4 E:/Data/setting/Test/_Cwc/Toolchain/VLianceTool/LibRT/LibRT-8.0.2\i686-w64-mingw32\lib/libmingw32.a(lib32_libmingw32_a-cinitexe.o)
                0x0000000000408008                __xc_z
                0x000000000040800c                ___crt_xc_end__ = .
                0x000000000040800c                ___crt_xi_start__ = .
 *(SORT_BY_NAME(.CRT$XI*))
 .CRT$XIA       0x000000000040800c        0x4 E:/Data/setting/Test/_Cwc/Toolchain/VLianceTool/LibRT/LibRT-8.0.2\i686-w64-mingw32\lib/libmingw32.a(lib32_libmingw32_a-cinitexe.o)
                0x000000000040800c                __xi_a
 .CRT$XIAA      0x0000000000408010        0x4 E:/Data/setting/Test/_Cwc/Toolchain/VLianceTool/LibRT/LibRT-8.0.2\i686-w64-mingw32\lib\crt2.o
                0x0000000000408010                mingw_pcinit
 .CRT$XIC       0x0000000000408014        0x4 E:/Data/setting/Test/_Cwc/Toolchain/VLianceTool/LibRT/LibRT-8.0.2\i686-w64-mingw32\lib/libmingw32.a(lib32_libmingw32_a-charmax.o)
                0x0000000000408014                __mingw_pinit
 .CRT$XIZ       0x0000000000408018        0x4 E:/Data/setting/Test/_Cwc/Toolchain/VLianceTool/LibRT/LibRT-8.0.2\i686-w64-mingw32\lib/libmingw32.a(lib32_libmingw32_a-cinitexe.o)
                0x0000000000408018                __xi_z
                0x000000000040801c                ___crt_xi_end__ = .
                0x000000000040801c                ___crt_xl_start__ = .
 *(SORT_BY_NAME(.CRT$XL*))
 .CRT$XLA       0x000000000040801c        0x4 E:/Data/setting/Test/_Cwc/Toolchain/VLianceTool/LibRT/LibRT-8.0.2\i686-w64-mingw32\lib/libmingw32.a(lib32_libmingw32_a-tlssup.o)
                0x000000000040801c                __xl_a
 .CRT$XLC       0x0000000000408020        0x4 E:/Data/setting/Test/_Cwc/Toolchain/VLianceTool/LibRT/LibRT-8.0.2\i686-w64-mingw32\lib/libmingw32.a(lib32_libmingw32_a-tlssup.o)
                0x0000000000408020                __xl_c
 .CRT$XLD       0x0000000000408024        0x4 E:/Data/setting/Test/_Cwc/Toolchain/VLianceTool/LibRT/LibRT-8.0.2\i686-w64-mingw32\lib/libmingw32.a(lib32_libmingw32_a-tlssup.o)
                0x0000000000408024                __xl_d
 .CRT$XLZ       0x0000000000408028        0x4 E:/Data/setting/Test/_Cwc/Toolchain/VLianceTool/LibRT/LibRT-8.0.2\i686-w64-mingw32\lib/libmingw32.a(lib32_libmingw32_a-tlssup.o)
                0x0000000000408028                __xl_z
                0x000000000040802c                ___crt_xp_start__ = .
 *(SORT_BY_NAME(.CRT$XP*))
                0x000000000040802c                ___crt_xp_end__ = .
                0x000000000040802c                ___crt_xt_start__ = .
 *(SORT_BY_NAME(.CRT$XT*))
                0x000000000040802c                ___crt_xt_end__ = .
 .CRT$XDA       0x000000000040802c        0x4 E:/Data/setting/Test/_Cwc/Toolchain/VLianceTool/LibRT/LibRT-8.0.2\i686-w64-mingw32\lib/libmingw32.a(lib32_libmingw32_a-tlssup.o)
 .CRT$XDZ       0x0000000000408030        0x4 E:/Data/setting/Test/_Cwc/Toolchain/VLianceTool/LibRT/LibRT-8.0.2\i686-w64-mingw32\lib/libmingw32.a(lib32_libmingw32_a-tlssup.o)

.tls            0x0000000000409000      0x200
                0x0000000000409000                ___tls_start__ = .
 *(.tls$AAA)
 *(.tls)
 .tls           0x0000000000409000        0x4 E:/Data/setting/Test/_Cwc/Toolchain/VLianceTool/LibRT/LibRT-8.0.2\i686-w64-mingw32\lib/libmingw32.a(lib32_libmingw32_a-tlssup.o)
                0x0000000000409000                _tls_start
 *(.tls$)
 *(SORT_BY_NAME(.tls$*))
 .tls$ZZZ       0x0000000000409004        0x4 E:/Data/setting/Test/_Cwc/Toolchain/VLianceTool/LibRT/LibRT-8.0.2\i686-w64-mingw32\lib/libmingw32.a(lib32_libmingw32_a-tlssup.o)
                0x0000000000409004                _tls_end
 *(.tls$ZZZ)
                0x0000000000409008                ___tls_end__ = .

.endjunk        0x000000000040a000        0x0
                [!provide]                        PROVIDE (end = .)
                [!provide]                        PROVIDE (_end = .)
                0x000000000040a000                __end__ = .

.rsrc
 *(.rsrc)
 *(.rsrc$*)

.reloc          0x000000000040a000      0x400
 *(.reloc)
 .reloc         0x000000000040a000      0x264 dll stuff

.stab
 *(.stab)

.stabstr
 *(.stabstr)

.debug_aranges  0x000000000040b000      0x200
 *(.debug_aranges)
 .debug_aranges
                0x000000000040b000       0x20 E:/Data/setting/Test/_Cwc/Toolchain/VLianceTool/LibRT/LibRT-8.0.2\lib\gcc\i686-w64-mingw32\8.1.0/libgcc.a(_chkstk_ms.o)
 .debug_aranges
                0x000000000040b020       0x18 E:/Data/setting/Test/_Cwc/Toolchain/VLianceTool/LibRT/LibRT-8.0.2\lib\gcc\i686-w64-mingw32\8.1.0/libgcc.a(_ctors.o)

.zdebug_aranges
 *(.zdebug_aranges)

.debug_pubnames
 *(.debug_pubnames)

.zdebug_pubnames
 *(.zdebug_pubnames)

.debug_pubtypes
 *(.debug_pubtypes)

.zdebug_pubtypes
 *(.zdebug_pubtypes)

.debug_info     0x000000000040c000     0x2000
 *(.debug_info .gnu.linkonce.wi.*)
 .debug_info    0x000000000040c000       0x26 E:/Data/setting/Test/_Cwc/Toolchain/VLianceTool/LibRT/LibRT-8.0.2\lib\gcc\i686-w64-mingw32\8.1.0/libgcc.a(_chkstk_ms.o)
 .debug_info    0x000000000040c026     0x1f6f E:/Data/setting/Test/_Cwc/Toolchain/VLianceTool/LibRT/LibRT-8.0.2\lib\gcc\i686-w64-mingw32\8.1.0/libgcc.a(_ctors.o)

.zdebug_info
 *(.zdebug_info .zdebug.gnu.linkonce.wi.*)

.debug_abbrev   0x000000000040e000      0x200
 *(.debug_abbrev)
 .debug_abbrev  0x000000000040e000       0x14 E:/Data/setting/Test/_Cwc/Toolchain/VLianceTool/LibRT/LibRT-8.0.2\lib\gcc\i686-w64-mingw32\8.1.0/libgcc.a(_chkstk_ms.o)
 .debug_abbrev  0x000000000040e014      0x135 E:/Data/setting/Test/_Cwc/Toolchain/VLianceTool/LibRT/LibRT-8.0.2\lib\gcc\i686-w64-mingw32\8.1.0/libgcc.a(_ctors.o)

.zdebug_abbrev
 *(.zdebug_abbrev)

.debug_line     0x000000000040f000      0x400
 *(.debug_line)
 .debug_line    0x000000000040f000       0x77 E:/Data/setting/Test/_Cwc/Toolchain/VLianceTool/LibRT/LibRT-8.0.2\lib\gcc\i686-w64-mingw32\8.1.0/libgcc.a(_chkstk_ms.o)
 .debug_line    0x000000000040f077      0x1b1 E:/Data/setting/Test/_Cwc/Toolchain/VLianceTool/LibRT/LibRT-8.0.2\lib\gcc\i686-w64-mingw32\8.1.0/libgcc.a(_ctors.o)

.zdebug_line
 *(.zdebug_line)

.debug_frame    0x0000000000410000      0x200
 *(.debug_frame*)
 .debug_frame   0x0000000000410000       0x38 E:/Data/setting/Test/_Cwc/Toolchain/VLianceTool/LibRT/LibRT-8.0.2\lib\gcc\i686-w64-mingw32\8.1.0/libgcc.a(_chkstk_ms.o)

.zdebug_frame
 *(.zdebug_frame*)

.debug_str      0x0000000000411000      0x200
 *(.debug_str)
 .debug_str     0x0000000000411000       0x98 E:/Data/setting/Test/_Cwc/Toolchain/VLianceTool/LibRT/LibRT-8.0.2\lib\gcc\i686-w64-mingw32\8.1.0/libgcc.a(_chkstk_ms.o)
 .debug_str     0x0000000000411098        0x0 E:/Data/setting/Test/_Cwc/Toolchain/VLianceTool/LibRT/LibRT-8.0.2\lib\gcc\i686-w64-mingw32\8.1.0/libgcc.a(_ctors.o)

.zdebug_str
 *(.zdebug_str)

.debug_loc
 *(.debug_loc)

.zdebug_loc
 *(.zdebug_loc)

.debug_macinfo
 *(.debug_macinfo)

.zdebug_macinfo
 *(.zdebug_macinfo)

.debug_weaknames
 *(.debug_weaknames)

.zdebug_weaknames
 *(.zdebug_weaknames)

.debug_funcnames
 *(.debug_funcnames)

.zdebug_funcnames
 *(.zdebug_funcnames)

.debug_typenames
 *(.debug_typenames)

.zdebug_typenames
 *(.zdebug_typenames)

.debug_varnames
 *(.debug_varnames)

.zdebug_varnames
 *(.zdebug_varnames)

.debug_macro
 *(.debug_macro)

.zdebug_macro
 *(.zdebug_macro)

.debug_ranges
 *(.debug_ranges)

.zdebug_ranges
 *(.zdebug_ranges)

.debug_types
 *(.debug_types .gnu.linkonce.wt.*)

.zdebug_types
 *(.zdebug_types .gnu.linkonce.wt.*)

.debug_gdb_scripts
 *(.debug_gdb_scripts)

.zdebug_gdb_scripts
 *(.zdebug_gdb_scripts)
OUTPUT(_out/CpcDos_O3/App.exe pei-i386)
LOAD dll stuff